Archive member included to satisfy reference by file (symbol)

c:/st/stm32cubeide_1.7.0/stm32cubeide/plugins/com.st.stm32cube.ide.mcu.externaltools.gnu-tools-for-stm32.9-2020-q2-update.win32_2.0.0.202105311346/tools/bin/../lib/gcc/arm-none-eabi/9.3.1/../../../../arm-none-eabi/lib/thumb/v7e-m+fp/hard\libc_nano.a(lib_a-errno.o)
                              ./Src/syscalls.o (__errno)
c:/st/stm32cubeide_1.7.0/stm32cubeide/plugins/com.st.stm32cube.ide.mcu.externaltools.gnu-tools-for-stm32.9-2020-q2-update.win32_2.0.0.202105311346/tools/bin/../lib/gcc/arm-none-eabi/9.3.1/../../../../arm-none-eabi/lib/thumb/v7e-m+fp/hard\libc_nano.a(lib_a-exit.o)
                              c:/st/stm32cubeide_1.7.0/stm32cubeide/plugins/com.st.stm32cube.ide.mcu.externaltools.gnu-tools-for-stm32.9-2020-q2-update.win32_2.0.0.202105311346/tools/bin/../lib/gcc/arm-none-eabi/9.3.1/../../../../arm-none-eabi/lib/thumb/v7e-m+fp/hard/crt0.o (exit)
c:/st/stm32cubeide_1.7.0/stm32cubeide/plugins/com.st.stm32cube.ide.mcu.externaltools.gnu-tools-for-stm32.9-2020-q2-update.win32_2.0.0.202105311346/tools/bin/../lib/gcc/arm-none-eabi/9.3.1/../../../../arm-none-eabi/lib/thumb/v7e-m+fp/hard\libc_nano.a(lib_a-impure.o)
                              c:/st/stm32cubeide_1.7.0/stm32cubeide/plugins/com.st.stm32cube.ide.mcu.externaltools.gnu-tools-for-stm32.9-2020-q2-update.win32_2.0.0.202105311346/tools/bin/../lib/gcc/arm-none-eabi/9.3.1/../../../../arm-none-eabi/lib/thumb/v7e-m+fp/hard\libc_nano.a(lib_a-exit.o) (_global_impure_ptr)
c:/st/stm32cubeide_1.7.0/stm32cubeide/plugins/com.st.stm32cube.ide.mcu.externaltools.gnu-tools-for-stm32.9-2020-q2-update.win32_2.0.0.202105311346/tools/bin/../lib/gcc/arm-none-eabi/9.3.1/../../../../arm-none-eabi/lib/thumb/v7e-m+fp/hard\libc_nano.a(lib_a-init.o)
                              c:/st/stm32cubeide_1.7.0/stm32cubeide/plugins/com.st.stm32cube.ide.mcu.externaltools.gnu-tools-for-stm32.9-2020-q2-update.win32_2.0.0.202105311346/tools/bin/../lib/gcc/arm-none-eabi/9.3.1/../../../../arm-none-eabi/lib/thumb/v7e-m+fp/hard/crt0.o (__libc_init_array)
c:/st/stm32cubeide_1.7.0/stm32cubeide/plugins/com.st.stm32cube.ide.mcu.externaltools.gnu-tools-for-stm32.9-2020-q2-update.win32_2.0.0.202105311346/tools/bin/../lib/gcc/arm-none-eabi/9.3.1/../../../../arm-none-eabi/lib/thumb/v7e-m+fp/hard\libc_nano.a(lib_a-memset.o)
                              c:/st/stm32cubeide_1.7.0/stm32cubeide/plugins/com.st.stm32cube.ide.mcu.externaltools.gnu-tools-for-stm32.9-2020-q2-update.win32_2.0.0.202105311346/tools/bin/../lib/gcc/arm-none-eabi/9.3.1/../../../../arm-none-eabi/lib/thumb/v7e-m+fp/hard/crt0.o (memset)
c:/st/stm32cubeide_1.7.0/stm32cubeide/plugins/com.st.stm32cube.ide.mcu.externaltools.gnu-tools-for-stm32.9-2020-q2-update.win32_2.0.0.202105311346/tools/bin/../lib/gcc/arm-none-eabi/9.3.1/thumb/v7e-m+fp/hard\libgcc.a(_aeabi_uldivmod.o)
                              ./Drivers/STM32F4xx_HAL_Driver/Src/stm32f4xx_hal_rcc.o (__aeabi_uldivmod)
c:/st/stm32cubeide_1.7.0/stm32cubeide/plugins/com.st.stm32cube.ide.mcu.externaltools.gnu-tools-for-stm32.9-2020-q2-update.win32_2.0.0.202105311346/tools/bin/../lib/gcc/arm-none-eabi/9.3.1/thumb/v7e-m+fp/hard\libgcc.a(_udivmoddi4.o)
                              c:/st/stm32cubeide_1.7.0/stm32cubeide/plugins/com.st.stm32cube.ide.mcu.externaltools.gnu-tools-for-stm32.9-2020-q2-update.win32_2.0.0.202105311346/tools/bin/../lib/gcc/arm-none-eabi/9.3.1/thumb/v7e-m+fp/hard\libgcc.a(_aeabi_uldivmod.o) (__udivmoddi4)
c:/st/stm32cubeide_1.7.0/stm32cubeide/plugins/com.st.stm32cube.ide.mcu.externaltools.gnu-tools-for-stm32.9-2020-q2-update.win32_2.0.0.202105311346/tools/bin/../lib/gcc/arm-none-eabi/9.3.1/thumb/v7e-m+fp/hard\libgcc.a(_dvmd_tls.o)
                              c:/st/stm32cubeide_1.7.0/stm32cubeide/plugins/com.st.stm32cube.ide.mcu.externaltools.gnu-tools-for-stm32.9-2020-q2-update.win32_2.0.0.202105311346/tools/bin/../lib/gcc/arm-none-eabi/9.3.1/thumb/v7e-m+fp/hard\libgcc.a(_aeabi_uldivmod.o) (__aeabi_ldiv0)

Allocating common symbols
Common symbol       size              file

hi2c2               0x54              ./Src/i2c.o
uartFrame           0x1c              ./Src/UART_Parser.o
uwTick              0x4               ./Drivers/STM32F4xx_HAL_Driver/Src/stm32f4xx_hal.o
pFlash              0x20              ./Drivers/STM32F4xx_HAL_Driver/Src/stm32f4xx_hal_flash.o
hdma_i2c2_rx        0x60              ./Src/i2c.o
hdma_i2c2_tx        0x60              ./Src/i2c.o
hdma_usart1_tx      0x60              ./Src/usart.o
hadc1               0x48              ./Src/adc.o
receivedData        0x1               ./Src/UART_Parser.o
huart1              0x44              ./Src/usart.o
hdma_adc1           0x60              ./Src/adc.o
htim2               0x48              ./Src/tim.o
htim14              0x48              ./Src/tim.o
adcValue            0x16              ./Src/adc.o

Discarded input sections

[...]
Memory Configuration

Name             Origin             Length             Attributes
RAM              0x0000000020000000 0x0000000000020000 xrw
CCMRAM           0x0000000010000000 0x0000000000010000 rw
FLASH            0x0000000008000000 0x0000000000100000 xr
*default*        0x0000000000000000 0xffffffffffffffff

Linker script and memory map

LOAD c:/st/stm32cubeide_1.7.0/stm32cubeide/plugins/com.st.stm32cube.ide.mcu.externaltools.gnu-tools-for-stm32.9-2020-q2-update.win32_2.0.0.202105311346/tools/bin/../lib/gcc/arm-none-eabi/9.3.1/thumb/v7e-m+fp/hard/crti.o
LOAD c:/st/stm32cubeide_1.7.0/stm32cubeide/plugins/com.st.stm32cube.ide.mcu.externaltools.gnu-tools-for-stm32.9-2020-q2-update.win32_2.0.0.202105311346/tools/bin/../lib/gcc/arm-none-eabi/9.3.1/thumb/v7e-m+fp/hard/crtbegin.o
LOAD c:/st/stm32cubeide_1.7.0/stm32cubeide/plugins/com.st.stm32cube.ide.mcu.externaltools.gnu-tools-for-stm32.9-2020-q2-update.win32_2.0.0.202105311346/tools/bin/../lib/gcc/arm-none-eabi/9.3.1/../../../../arm-none-eabi/lib/thumb/v7e-m+fp/hard/crt0.o
LOAD ./Drivers/STM32F4xx_HAL_Driver/Src/stm32f4xx_hal.o
LOAD ./Drivers/STM32F4xx_HAL_Driver/Src/stm32f4xx_hal_adc.o
LOAD ./Drivers/STM32F4xx_HAL_Driver/Src/stm32f4xx_hal_adc_ex.o
LOAD ./Drivers/STM32F4xx_HAL_Driver/Src/stm32f4xx_hal_cortex.o
LOAD ./Drivers/STM32F4xx_HAL_Driver/Src/stm32f4xx_hal_dma.o
LOAD ./Drivers/STM32F4xx_HAL_Driver/Src/stm32f4xx_hal_dma_ex.o
LOAD ./Drivers/STM32F4xx_HAL_Driver/Src/stm32f4xx_hal_exti.o
LOAD ./Drivers/STM32F4xx_HAL_Driver/Src/stm32f4xx_hal_flash.o
LOAD ./Drivers/STM32F4xx_HAL_Driver/Src/stm32f4xx_hal_flash_ex.o
LOAD ./Drivers/STM32F4xx_HAL_Driver/Src/stm32f4xx_hal_flash_ramfunc.o
LOAD ./Drivers/STM32F4xx_HAL_Driver/Src/stm32f4xx_hal_gpio.o
LOAD ./Drivers/STM32F4xx_HAL_Driver/Src/stm32f4xx_hal_i2c.o
LOAD ./Drivers/STM32F4xx_HAL_Driver/Src/stm32f4xx_hal_i2c_ex.o
LOAD ./Drivers/STM32F4xx_HAL_Driver/Src/stm32f4xx_hal_pwr.o
LOAD ./Drivers/STM32F4xx_HAL_Driver/Src/stm32f4xx_hal_pwr_ex.o
LOAD ./Drivers/STM32F4xx_HAL_Driver/Src/stm32f4xx_hal_rcc.o
LOAD ./Drivers/STM32F4xx_HAL_Driver/Src/stm32f4xx_hal_rcc_ex.o
LOAD ./Drivers/STM32F4xx_HAL_Driver/Src/stm32f4xx_hal_tim.o
LOAD ./Drivers/STM32F4xx_HAL_Driver/Src/stm32f4xx_hal_tim_ex.o
LOAD ./Drivers/STM32F4xx_HAL_Driver/Src/stm32f4xx_hal_uart.o
LOAD ./Drivers/STM32F4xx_HAL_Driver/Src/stm32f4xx_ll_adc.o
LOAD ./Src/MCP4661.o
LOAD ./Src/UART_Parser.o
LOAD ./Src/adc.o
LOAD ./Src/dma.o
LOAD ./Src/gpio.o
LOAD ./Src/i2c.o
LOAD ./Src/main.o
LOAD ./Src/stm32f4xx_hal_msp.o
LOAD ./Src/stm32f4xx_it.o
LOAD ./Src/sys.o
LOAD ./Src/syscalls.o
LOAD ./Src/system_stm32f4xx.o
LOAD ./Src/tim.o
LOAD ./Src/usart.o
LOAD ./startup/startup_stm32f405xx.o
START GROUP
LOAD c:/st/stm32cubeide_1.7.0/stm32cubeide/plugins/com.st.stm32cube.ide.mcu.externaltools.gnu-tools-for-stm32.9-2020-q2-update.win32_2.0.0.202105311346/tools/bin/../lib/gcc/arm-none-eabi/9.3.1/../../../../arm-none-eabi/lib/thumb/v7e-m+fp/hard\libc_nano.a
LOAD c:/st/stm32cubeide_1.7.0/stm32cubeide/plugins/com.st.stm32cube.ide.mcu.externaltools.gnu-tools-for-stm32.9-2020-q2-update.win32_2.0.0.202105311346/tools/bin/../lib/gcc/arm-none-eabi/9.3.1/../../../../arm-none-eabi/lib/thumb/v7e-m+fp/hard\libm.a
END GROUP
START GROUP
LOAD c:/st/stm32cubeide_1.7.0/stm32cubeide/plugins/com.st.stm32cube.ide.mcu.externaltools.gnu-tools-for-stm32.9-2020-q2-update.win32_2.0.0.202105311346/tools/bin/../lib/gcc/arm-none-eabi/9.3.1/thumb/v7e-m+fp/hard\libgcc.a
LOAD c:/st/stm32cubeide_1.7.0/stm32cubeide/plugins/com.st.stm32cube.ide.mcu.externaltools.gnu-tools-for-stm32.9-2020-q2-update.win32_2.0.0.202105311346/tools/bin/../lib/gcc/arm-none-eabi/9.3.1/../../../../arm-none-eabi/lib/thumb/v7e-m+fp/hard\libc_nano.a
END GROUP
START GROUP
LOAD c:/st/stm32cubeide_1.7.0/stm32cubeide/plugins/com.st.stm32cube.ide.mcu.externaltools.gnu-tools-for-stm32.9-2020-q2-update.win32_2.0.0.202105311346/tools/bin/../lib/gcc/arm-none-eabi/9.3.1/thumb/v7e-m+fp/hard\libgcc.a
LOAD c:/st/stm32cubeide_1.7.0/stm32cubeide/plugins/com.st.stm32cube.ide.mcu.externaltools.gnu-tools-for-stm32.9-2020-q2-update.win32_2.0.0.202105311346/tools/bin/../lib/gcc/arm-none-eabi/9.3.1/../../../../arm-none-eabi/lib/thumb/v7e-m+fp/hard\libc_nano.a
LOAD c:/st/stm32cubeide_1.7.0/stm32cubeide/plugins/com.st.stm32cube.ide.mcu.externaltools.gnu-tools-for-stm32.9-2020-q2-update.win32_2.0.0.202105311346/tools/bin/../lib/gcc/arm-none-eabi/9.3.1/../../../../arm-none-eabi/lib/thumb/v7e-m+fp/hard\libnosys.a
END GROUP
START GROUP
LOAD c:/st/stm32cubeide_1.7.0/stm32cubeide/plugins/com.st.stm32cube.ide.mcu.externaltools.gnu-tools-for-stm32.9-2020-q2-update.win32_2.0.0.202105311346/tools/bin/../lib/gcc/arm-none-eabi/9.3.1/thumb/v7e-m+fp/hard\libgcc.a
LOAD c:/st/stm32cubeide_1.7.0/stm32cubeide/plugins/com.st.stm32cube.ide.mcu.externaltools.gnu-tools-for-stm32.9-2020-q2-update.win32_2.0.0.202105311346/tools/bin/../lib/gcc/arm-none-eabi/9.3.1/../../../../arm-none-eabi/lib/thumb/v7e-m+fp/hard\libc_nano.a
LOAD c:/st/stm32cubeide_1.7.0/stm32cubeide/plugins/com.st.stm32cube.ide.mcu.externaltools.gnu-tools-for-stm32.9-2020-q2-update.win32_2.0.0.202105311346/tools/bin/../lib/gcc/arm-none-eabi/9.3.1/../../../../arm-none-eabi/lib/thumb/v7e-m+fp/hard\libnosys.a
END GROUP
LOAD c:/st/stm32cubeide_1.7.0/stm32cubeide/plugins/com.st.stm32cube.ide.mcu.externaltools.gnu-tools-for-stm32.9-2020-q2-update.win32_2.0.0.202105311346/tools/bin/../lib/gcc/arm-none-eabi/9.3.1/thumb/v7e-m+fp/hard/crtend.o
LOAD c:/st/stm32cubeide_1.7.0/stm32cubeide/plugins/com.st.stm32cube.ide.mcu.externaltools.gnu-tools-for-stm32.9-2020-q2-update.win32_2.0.0.202105311346/tools/bin/../lib/gcc/arm-none-eabi/9.3.1/thumb/v7e-m+fp/hard/crtn.o
                0x0000000020020000                _estack = 0x20020000
                0x0000000000000200                _Min_Heap_Size = 0x200
                0x0000000000000400                _Min_Stack_Size = 0x400

.isr_vector     0x0000000008000000      0x188
                0x0000000008000000                . = ALIGN (0x4)
 *(.isr_vector)
 .isr_vector    0x0000000008000000      0x188 ./startup/startup_stm32f405xx.o
                0x0000000008000000                g_pfnVectors
                0x0000000008000188                . = ALIGN (0x4)

.text           0x0000000008000188     0x4b0c
                0x0000000008000188                . = ALIGN (0x4)
 *(.text)
 .text          0x0000000008000188       0x40 c:/st/stm32cubeide_1.7.0/stm32cubeide/plugins/com.st.stm32cube.ide.mcu.externaltools.gnu-tools-for-stm32.9-2020-q2-update.win32_2.0.0.202105311346/tools/bin/../lib/gcc/arm-none-eabi/9.3.1/thumb/v7e-m+fp/hard/crtbegin.o
 .text          0x00000000080001c8       0x30 c:/st/stm32cubeide_1.7.0/stm32cubeide/plugins/com.st.stm32cube.ide.mcu.externaltools.gnu-tools-for-stm32.9-2020-q2-update.win32_2.0.0.202105311346/tools/bin/../lib/gcc/arm-none-eabi/9.3.1/thumb/v7e-m+fp/hard\libgcc.a(_aeabi_uldivmod.o)
                0x00000000080001c8                __aeabi_uldivmod
 .text          0x00000000080001f8      0x2c4 c:/st/stm32cubeide_1.7.0/stm32cubeide/plugins/com.st.stm32cube.ide.mcu.externaltools.gnu-tools-for-stm32.9-2020-q2-update.win32_2.0.0.202105311346/tools/bin/../lib/gcc/arm-none-eabi/9.3.1/thumb/v7e-m+fp/hard\libgcc.a(_udivmoddi4.o)
                0x00000000080001f8                __udivmoddi4
 .text          0x00000000080004bc        0x4 c:/st/stm32cubeide_1.7.0/stm32cubeide/plugins/com.st.stm32cube.ide.mcu.externaltools.gnu-tools-for-stm32.9-2020-q2-update.win32_2.0.0.202105311346/tools/bin/../lib/gcc/arm-none-eabi/9.3.1/thumb/v7e-m+fp/hard\libgcc.a(_dvmd_tls.o)
                0x00000000080004bc                __aeabi_idiv0
                0x00000000080004bc                __aeabi_ldiv0
 *(.text*)
 .text.HAL_InitTick
                0x00000000080004c0       0x48 ./Drivers/STM32F4xx_HAL_Driver/Src/stm32f4xx_hal.o
                0x00000000080004c0                HAL_InitTick
 .text.HAL_Init
                0x0000000008000508       0x34 ./Drivers/STM32F4xx_HAL_Driver/Src/stm32f4xx_hal.o
                0x0000000008000508                HAL_Init
 .text.HAL_IncTick
                0x000000000800053c       0x18 ./Drivers/STM32F4xx_HAL_Driver/Src/stm32f4xx_hal.o
                0x000000000800053c                HAL_IncTick
 .text.HAL_GetTick
                0x0000000008000554        0xc ./Drivers/STM32F4xx_HAL_Driver/Src/stm32f4xx_hal.o
                0x0000000008000554                HAL_GetTick
 .text.ADC_Init
                0x0000000008000560      0x134 ./Drivers/STM32F4xx_HAL_Driver/Src/stm32f4xx_hal_adc.o
 .text.HAL_ADC_Init
                0x0000000008000694       0x56 ./Drivers/STM32F4xx_HAL_Driver/Src/stm32f4xx_hal_adc.o
                0x0000000008000694                HAL_ADC_Init
 *fill*         0x00000000080006ea        0x2 
 .text.HAL_ADC_Start_DMA
                0x00000000080006ec      0x19c ./Drivers/STM32F4xx_HAL_Driver/Src/stm32f4xx_hal_adc.o
                0x00000000080006ec                HAL_ADC_Start_DMA
 .text.HAL_ADC_ConvCpltCallback
                0x0000000008000888        0x2 ./Drivers/STM32F4xx_HAL_Driver/Src/stm32f4xx_hal_adc.o
                0x0000000008000888                HAL_ADC_ConvCpltCallback
 .text.HAL_ADC_ConvHalfCpltCallback
                0x000000000800088a        0x2 ./Drivers/STM32F4xx_HAL_Driver/Src/stm32f4xx_hal_adc.o
                0x000000000800088a                HAL_ADC_ConvHalfCpltCallback
 .text.ADC_DMAHalfConvCplt
                0x000000000800088c        0xa ./Drivers/STM32F4xx_HAL_Driver/Src/stm32f4xx_hal_adc.o
 .text.HAL_ADC_LevelOutOfWindowCallback
                0x0000000008000896        0x2 ./Drivers/STM32F4xx_HAL_Driver/Src/stm32f4xx_hal_adc.o
                0x0000000008000896                HAL_ADC_LevelOutOfWindowCallback
 .text.HAL_ADC_ErrorCallback
                0x0000000008000898        0x2 ./Drivers/STM32F4xx_HAL_Driver/Src/stm32f4xx_hal_adc.o
                0x0000000008000898                HAL_ADC_ErrorCallback
 .text.HAL_ADC_IRQHandler
                0x000000000800089a      0x14e ./Drivers/STM32F4xx_HAL_Driver/Src/stm32f4xx_hal_adc.o
                0x000000000800089a                HAL_ADC_IRQHandler
 .text.ADC_DMAError
                0x00000000080009e8       0x16 ./Drivers/STM32F4xx_HAL_Driver/Src/stm32f4xx_hal_adc.o
 .text.ADC_DMAConvCplt
                0x00000000080009fe       0x72 ./Drivers/STM32F4xx_HAL_Driver/Src/stm32f4xx_hal_adc.o
 .text.HAL_ADC_ConfigChannel
                0x0000000008000a70      0x190 ./Drivers/STM32F4xx_HAL_Driver/Src/stm32f4xx_hal_adc.o
                0x0000000008000a70                HAL_ADC_ConfigChannel
 .text.HAL_ADCEx_InjectedConvCpltCallback
                0x0000000008000c00        0x2 ./Drivers/STM32F4xx_HAL_Driver/Src/stm32f4xx_hal_adc_ex.o
                0x0000000008000c00                HAL_ADCEx_InjectedConvCpltCallback
 *fill*         0x0000000008000c02        0x2 
 .text.HAL_NVIC_SetPriorityGrouping
                0x0000000008000c04       0x24 ./Drivers/STM32F4xx_HAL_Driver/Src/stm32f4xx_hal_cortex.o
                0x0000000008000c04                HAL_NVIC_SetPriorityGrouping
 .text.HAL_NVIC_SetPriority
                0x0000000008000c28       0x68 ./Drivers/STM32F4xx_HAL_Driver/Src/stm32f4xx_hal_cortex.o
                0x0000000008000c28                HAL_NVIC_SetPriority
 .text.HAL_NVIC_EnableIRQ
                0x0000000008000c90       0x1c ./Drivers/STM32F4xx_HAL_Driver/Src/stm32f4xx_hal_cortex.o
                0x0000000008000c90                HAL_NVIC_EnableIRQ
 .text.HAL_SYSTICK_Config
                0x0000000008000cac       0x2c ./Drivers/STM32F4xx_HAL_Driver/Src/stm32f4xx_hal_cortex.o
                0x0000000008000cac                HAL_SYSTICK_Config
 .text.DMA_SetConfig
                0x0000000008000cd8       0x2c ./Drivers/STM32F4xx_HAL_Driver/Src/stm32f4xx_hal_dma.o
 .text.DMA_CalcBaseAndBitshift
                0x0000000008000d04       0x44 ./Drivers/STM32F4xx_HAL_Driver/Src/stm32f4xx_hal_dma.o
 .text.DMA_CheckFifoParam
                0x0000000008000d48       0x8e ./Drivers/STM32F4xx_HAL_Driver/Src/stm32f4xx_hal_dma.o
 *fill*         0x0000000008000dd6        0x2 
 .text.HAL_DMA_Init
                0x0000000008000dd8       0xcc ./Drivers/STM32F4xx_HAL_Driver/Src/stm32f4xx_hal_dma.o
                0x0000000008000dd8                HAL_DMA_Init
 .text.HAL_DMA_Start_IT
                0x0000000008000ea4       0x6a ./Drivers/STM32F4xx_HAL_Driver/Src/stm32f4xx_hal_dma.o
                0x0000000008000ea4                HAL_DMA_Start_IT
 .text.HAL_DMA_Abort
                0x0000000008000f0e       0x94 ./Drivers/STM32F4xx_HAL_Driver/Src/stm32f4xx_hal_dma.o
                0x0000000008000f0e                HAL_DMA_Abort
 .text.HAL_DMA_Abort_IT
                0x0000000008000fa2       0x26 ./Drivers/STM32F4xx_HAL_Driver/Src/stm32f4xx_hal_dma.o
                0x0000000008000fa2                HAL_DMA_Abort_IT
 .text.HAL_DMA_IRQHandler
                0x0000000008000fc8      0x1dc ./Drivers/STM32F4xx_HAL_Driver/Src/stm32f4xx_hal_dma.o
                0x0000000008000fc8                HAL_DMA_IRQHandler
 .text.HAL_DMA_GetState
                0x00000000080011a4        0x6 ./Drivers/STM32F4xx_HAL_Driver/Src/stm32f4xx_hal_dma.o
                0x00000000080011a4                HAL_DMA_GetState
 *fill*         0x00000000080011aa        0x2 
 .text.HAL_GPIO_Init
                0x00000000080011ac      0x1d4 ./Drivers/STM32F4xx_HAL_Driver/Src/stm32f4xx_hal_gpio.o
                0x00000000080011ac                HAL_GPIO_Init
 .text.HAL_GPIO_WritePin
                0x0000000008001380        0xc ./Drivers/STM32F4xx_HAL_Driver/Src/stm32f4xx_hal_gpio.o
                0x0000000008001380                HAL_GPIO_WritePin
 .text.I2C_Master_SB
                0x000000000800138c       0xa8 ./Drivers/STM32F4xx_HAL_Driver/Src/stm32f4xx_hal_i2c.o
 .text.I2C_Master_ADD10
                0x0000000008001434       0x2a ./Drivers/STM32F4xx_HAL_Driver/Src/stm32f4xx_hal_i2c.o
 .text.I2C_Master_ADDR
                0x000000000800145e      0x206 ./Drivers/STM32F4xx_HAL_Driver/Src/stm32f4xx_hal_i2c.o
 .text.I2C_SlaveTransmit_BTF
                0x0000000008001664       0x20 ./Drivers/STM32F4xx_HAL_Driver/Src/stm32f4xx_hal_i2c.o
 .text.I2C_SlaveReceive_BTF
                0x0000000008001684       0x20 ./Drivers/STM32F4xx_HAL_Driver/Src/stm32f4xx_hal_i2c.o
 .text.I2C_WaitOnSTOPRequestThroughIT
                0x00000000080016a4       0x48 ./Drivers/STM32F4xx_HAL_Driver/Src/stm32f4xx_hal_i2c.o
 .text.I2C_IsAcknowledgeFailed
                0x00000000080016ec       0x32 ./Drivers/STM32F4xx_HAL_Driver/Src/stm32f4xx_hal_i2c.o
 .text.I2C_ConvertOtherXferOptions
                0x000000000800171e       0x1e ./Drivers/STM32F4xx_HAL_Driver/Src/stm32f4xx_hal_i2c.o
 .text.I2C_WaitOnFlagUntilTimeout
                0x000000000800173c       0x74 ./Drivers/STM32F4xx_HAL_Driver/Src/stm32f4xx_hal_i2c.o
 .text.I2C_WaitOnMasterAddressFlagUntilTimeout
                0x00000000080017b0       0xaa ./Drivers/STM32F4xx_HAL_Driver/Src/stm32f4xx_hal_i2c.o
 *fill*         0x000000000800185a        0x2 
 .text.I2C_MasterRequestWrite
                0x000000000800185c       0xb4 ./Drivers/STM32F4xx_HAL_Driver/Src/stm32f4xx_hal_i2c.o
 .text.I2C_WaitOnTXEFlagUntilTimeout
                0x0000000008001910       0x54 ./Drivers/STM32F4xx_HAL_Driver/Src/stm32f4xx_hal_i2c.o
 .text.I2C_RequestMemoryRead
                0x0000000008001964      0x154 ./Drivers/STM32F4xx_HAL_Driver/Src/stm32f4xx_hal_i2c.o
 .text.I2C_WaitOnBTFFlagUntilTimeout
                0x0000000008001ab8       0x54 ./Drivers/STM32F4xx_HAL_Driver/Src/stm32f4xx_hal_i2c.o
 .text.I2C_WaitOnRXNEFlagUntilTimeout
                0x0000000008001b0c       0x6a ./Drivers/STM32F4xx_HAL_Driver/Src/stm32f4xx_hal_i2c.o
 *fill*         0x0000000008001b76        0x2 
 .text.HAL_I2C_Init
                0x0000000008001b78      0x1bc ./Drivers/STM32F4xx_HAL_Driver/Src/stm32f4xx_hal_i2c.o
                0x0000000008001b78                HAL_I2C_Init
 .text.HAL_I2C_Master_Transmit
                0x0000000008001d34      0x178 ./Drivers/STM32F4xx_HAL_Driver/Src/stm32f4xx_hal_i2c.o
                0x0000000008001d34                HAL_I2C_Master_Transmit
 .text.HAL_I2C_Mem_Read
                0x0000000008001eac      0x2e4 ./Drivers/STM32F4xx_HAL_Driver/Src/stm32f4xx_hal_i2c.o
                0x0000000008001eac                HAL_I2C_Mem_Read
 .text.HAL_I2C_MasterTxCpltCallback
                0x0000000008002190        0x2 ./Drivers/STM32F4xx_HAL_Driver/Src/stm32f4xx_hal_i2c.o
                0x0000000008002190                HAL_I2C_MasterTxCpltCallback
 .text.HAL_I2C_MasterRxCpltCallback
                0x0000000008002192        0x2 ./Drivers/STM32F4xx_HAL_Driver/Src/stm32f4xx_hal_i2c.o
                0x0000000008002192                HAL_I2C_MasterRxCpltCallback
 .text.HAL_I2C_SlaveTxCpltCallback
                0x0000000008002194        0x2 ./Drivers/STM32F4xx_HAL_Driver/Src/stm32f4xx_hal_i2c.o
                0x0000000008002194                HAL_I2C_SlaveTxCpltCallback
 .text.I2C_SlaveTransmit_TXE
                0x0000000008002196       0x4c ./Drivers/STM32F4xx_HAL_Driver/Src/stm32f4xx_hal_i2c.o
 .text.HAL_I2C_SlaveRxCpltCallback
                0x00000000080021e2        0x2 ./Drivers/STM32F4xx_HAL_Driver/Src/stm32f4xx_hal_i2c.o
                0x00000000080021e2                HAL_I2C_SlaveRxCpltCallback
 .text.I2C_SlaveReceive_RXNE
                0x00000000080021e4       0x4c ./Drivers/STM32F4xx_HAL_Driver/Src/stm32f4xx_hal_i2c.o
 .text.HAL_I2C_AddrCallback
                0x0000000008002230        0x2 ./Drivers/STM32F4xx_HAL_Driver/Src/stm32f4xx_hal_i2c.o
                0x0000000008002230                HAL_I2C_AddrCallback
 .text.I2C_Slave_ADDR
                0x0000000008002232       0x5a ./Drivers/STM32F4xx_HAL_Driver/Src/stm32f4xx_hal_i2c.o
 .text.HAL_I2C_ListenCpltCallback
                0x000000000800228c        0x2 ./Drivers/STM32F4xx_HAL_Driver/Src/stm32f4xx_hal_i2c.o
                0x000000000800228c                HAL_I2C_ListenCpltCallback
 .text.HAL_I2C_MemTxCpltCallback
                0x000000000800228e        0x2 ./Drivers/STM32F4xx_HAL_Driver/Src/stm32f4xx_hal_i2c.o
                0x000000000800228e                HAL_I2C_MemTxCpltCallback
 .text.I2C_MasterTransmit_BTF
                0x0000000008002290       0x9e ./Drivers/STM32F4xx_HAL_Driver/Src/stm32f4xx_hal_i2c.o
 .text.I2C_MemoryTransmit_TXE_BTF
                0x000000000800232e       0xbe ./Drivers/STM32F4xx_HAL_Driver/Src/stm32f4xx_hal_i2c.o
 .text.I2C_MasterTransmit_TXE
                0x00000000080023ec       0xd0 ./Drivers/STM32F4xx_HAL_Driver/Src/stm32f4xx_hal_i2c.o
 .text.HAL_I2C_MemRxCpltCallback
                0x00000000080024bc        0x2 ./Drivers/STM32F4xx_HAL_Driver/Src/stm32f4xx_hal_i2c.o
                0x00000000080024bc                HAL_I2C_MemRxCpltCallback
 .text.I2C_MasterReceive_BTF
                0x00000000080024be      0x128 ./Drivers/STM32F4xx_HAL_Driver/Src/stm32f4xx_hal_i2c.o
 .text.HAL_I2C_ErrorCallback
                0x00000000080025e6        0x2 ./Drivers/STM32F4xx_HAL_Driver/Src/stm32f4xx_hal_i2c.o
                0x00000000080025e6                HAL_I2C_ErrorCallback
 .text.I2C_MasterReceive_RXNE
                0x00000000080025e8       0xec ./Drivers/STM32F4xx_HAL_Driver/Src/stm32f4xx_hal_i2c.o
 .text.HAL_I2C_AbortCpltCallback
                0x00000000080026d4        0x2 ./Drivers/STM32F4xx_HAL_Driver/Src/stm32f4xx_hal_i2c.o
                0x00000000080026d4                HAL_I2C_AbortCpltCallback
 *fill*         0x00000000080026d6        0x2 
 .text.I2C_DMAAbort
                0x00000000080026d8       0xe4 ./Drivers/STM32F4xx_HAL_Driver/Src/stm32f4xx_hal_i2c.o
 .text.I2C_ITError
                0x00000000080027bc      0x178 ./Drivers/STM32F4xx_HAL_Driver/Src/stm32f4xx_hal_i2c.o
 .text.I2C_Slave_STOPF
                0x0000000008002934      0x18c ./Drivers/STM32F4xx_HAL_Driver/Src/stm32f4xx_hal_i2c.o
 .text.HAL_I2C_EV_IRQHandler
                0x0000000008002ac0      0x1a0 ./Drivers/STM32F4xx_HAL_Driver/Src/stm32f4xx_hal_i2c.o
                0x0000000008002ac0                HAL_I2C_EV_IRQHandler
 .text.HAL_RCC_OscConfig
                0x0000000008002c60      0x3f8 ./Drivers/STM32F4xx_HAL_Driver/Src/stm32f4xx_hal_rcc.o
                0x0000000008002c60                HAL_RCC_OscConfig
 .text.HAL_RCC_GetSysClockFreq
                0x0000000008003058       0xa0 ./Drivers/STM32F4xx_HAL_Driver/Src/stm32f4xx_hal_rcc.o
                0x0000000008003058                HAL_RCC_GetSysClockFreq
 .text.HAL_RCC_ClockConfig
                0x00000000080030f8      0x160 ./Drivers/STM32F4xx_HAL_Driver/Src/stm32f4xx_hal_rcc.o
                0x00000000080030f8                HAL_RCC_ClockConfig
 .text.HAL_RCC_GetHCLKFreq
                0x0000000008003258        0xc ./Drivers/STM32F4xx_HAL_Driver/Src/stm32f4xx_hal_rcc.o
                0x0000000008003258                HAL_RCC_GetHCLKFreq
 .text.HAL_RCC_GetPCLK1Freq
                0x0000000008003264       0x20 ./Drivers/STM32F4xx_HAL_Driver/Src/stm32f4xx_hal_rcc.o
                0x0000000008003264                HAL_RCC_GetPCLK1Freq
 .text.HAL_RCC_GetPCLK2Freq
                0x0000000008003284       0x20 ./Drivers/STM32F4xx_HAL_Driver/Src/stm32f4xx_hal_rcc.o
                0x0000000008003284                HAL_RCC_GetPCLK2Freq
 .text.TIM_TI1_ConfigInputStage
                0x00000000080032a4       0x24 ./Drivers/STM32F4xx_HAL_Driver/Src/stm32f4xx_hal_tim.o
 .text.TIM_TI2_ConfigInputStage
                0x00000000080032c8       0x26 ./Drivers/STM32F4xx_HAL_Driver/Src/stm32f4xx_hal_tim.o
 .text.TIM_ITRx_SetConfig
                0x00000000080032ee       0x10 ./Drivers/STM32F4xx_HAL_Driver/Src/stm32f4xx_hal_tim.o
 *fill*         0x00000000080032fe        0x2 
 .text.HAL_TIM_Base_Start_IT
                0x0000000008003300       0x88 ./Drivers/STM32F4xx_HAL_Driver/Src/stm32f4xx_hal_tim.o
                0x0000000008003300                HAL_TIM_Base_Start_IT
 .text.HAL_TIM_PeriodElapsedCallback
                0x0000000008003388        0x2 ./Drivers/STM32F4xx_HAL_Driver/Src/stm32f4xx_hal_tim.o
                0x0000000008003388                HAL_TIM_PeriodElapsedCallback
 .text.HAL_TIM_OC_DelayElapsedCallback
                0x000000000800338a        0x2 ./Drivers/STM32F4xx_HAL_Driver/Src/stm32f4xx_hal_tim.o
                0x000000000800338a                HAL_TIM_OC_DelayElapsedCallback
 .text.HAL_TIM_IC_CaptureCallback
                0x000000000800338c        0x2 ./Drivers/STM32F4xx_HAL_Driver/Src/stm32f4xx_hal_tim.o
                0x000000000800338c                HAL_TIM_IC_CaptureCallback
 .text.HAL_TIM_PWM_PulseFinishedCallback
                0x000000000800338e        0x2 ./Drivers/STM32F4xx_HAL_Driver/Src/stm32f4xx_hal_tim.o
                0x000000000800338e                HAL_TIM_PWM_PulseFinishedCallback
 .text.HAL_TIM_TriggerCallback
                0x0000000008003390        0x2 ./Drivers/STM32F4xx_HAL_Driver/Src/stm32f4xx_hal_tim.o
                0x0000000008003390                HAL_TIM_TriggerCallback
 .text.HAL_TIM_IRQHandler
                0x0000000008003392      0x17a ./Drivers/STM32F4xx_HAL_Driver/Src/stm32f4xx_hal_tim.o
                0x0000000008003392                HAL_TIM_IRQHandler
 .text.TIM_Base_SetConfig
                0x000000000800350c       0xc8 ./Drivers/STM32F4xx_HAL_Driver/Src/stm32f4xx_hal_tim.o
                0x000000000800350c                TIM_Base_SetConfig
 .text.HAL_TIM_Base_Init
                0x00000000080035d4       0x58 ./Drivers/STM32F4xx_HAL_Driver/Src/stm32f4xx_hal_tim.o
                0x00000000080035d4                HAL_TIM_Base_Init
 .text.TIM_ETR_SetConfig
                0x000000000800362c       0x18 ./Drivers/STM32F4xx_HAL_Driver/Src/stm32f4xx_hal_tim.o
                0x000000000800362c                TIM_ETR_SetConfig
 .text.HAL_TIM_ConfigClockSource
                0x0000000008003644       0xfe ./Drivers/STM32F4xx_HAL_Driver/Src/stm32f4xx_hal_tim.o
                0x0000000008003644                HAL_TIM_ConfigClockSource
 *fill*         0x0000000008003742        0x2 
 .text.HAL_TIMEx_MasterConfigSynchronization
                0x0000000008003744       0x88 ./Drivers/STM32F4xx_HAL_Driver/Src/stm32f4xx_hal_tim_ex.o
                0x0000000008003744                HAL_TIMEx_MasterConfigSynchronization
 .text.HAL_TIMEx_CommutCallback
                0x00000000080037cc        0x2 ./Drivers/STM32F4xx_HAL_Driver/Src/stm32f4xx_hal_tim_ex.o
                0x00000000080037cc                HAL_TIMEx_CommutCallback
 .text.HAL_TIMEx_BreakCallback
                0x00000000080037ce        0x2 ./Drivers/STM32F4xx_HAL_Driver/Src/stm32f4xx_hal_tim_ex.o
                0x00000000080037ce                HAL_TIMEx_BreakCallback
 .text.UART_EndTxTransfer
                0x00000000080037d0       0x20 ./Drivers/STM32F4xx_HAL_Driver/Src/stm32f4xx_hal_uart.o
 .text.UART_EndRxTransfer
                0x00000000080037f0       0x5c ./Drivers/STM32F4xx_HAL_Driver/Src/stm32f4xx_hal_uart.o
 .text.UART_Transmit_IT
                0x000000000800384c       0x60 ./Drivers/STM32F4xx_HAL_Driver/Src/stm32f4xx_hal_uart.o
 .text.UART_SetConfig
                0x00000000080038ac      0x11c ./Drivers/STM32F4xx_HAL_Driver/Src/stm32f4xx_hal_uart.o
 .text.HAL_UART_Init
                0x00000000080039c8       0x5e ./Drivers/STM32F4xx_HAL_Driver/Src/stm32f4xx_hal_uart.o
                0x00000000080039c8                HAL_UART_Init
 .text.HAL_UART_Transmit_IT
                0x0000000008003a26       0x48 ./Drivers/STM32F4xx_HAL_Driver/Src/stm32f4xx_hal_uart.o
                0x0000000008003a26                HAL_UART_Transmit_IT
 *fill*         0x0000000008003a6e        0x2 
 .text.HAL_UART_Transmit_DMA
                0x0000000008003a70       0x9c ./Drivers/STM32F4xx_HAL_Driver/Src/stm32f4xx_hal_uart.o
                0x0000000008003a70                HAL_UART_Transmit_DMA
 .text.HAL_UART_TxCpltCallback
                0x0000000008003b0c        0x2 ./Drivers/STM32F4xx_HAL_Driver/Src/stm32f4xx_hal_uart.o
                0x0000000008003b0c                HAL_UART_TxCpltCallback
 .text.UART_DMATransmitCplt
                0x0000000008003b0e       0x4c ./Drivers/STM32F4xx_HAL_Driver/Src/stm32f4xx_hal_uart.o
 .text.UART_EndTransmit_IT
                0x0000000008003b5a       0x1a ./Drivers/STM32F4xx_HAL_Driver/Src/stm32f4xx_hal_uart.o
 .text.HAL_UART_TxHalfCpltCallback
                0x0000000008003b74        0x2 ./Drivers/STM32F4xx_HAL_Driver/Src/stm32f4xx_hal_uart.o
                0x0000000008003b74                HAL_UART_TxHalfCpltCallback
 .text.UART_DMATxHalfCplt
                0x0000000008003b76        0xa ./Drivers/STM32F4xx_HAL_Driver/Src/stm32f4xx_hal_uart.o
 .text.HAL_UART_ErrorCallback
                0x0000000008003b80        0x2 ./Drivers/STM32F4xx_HAL_Driver/Src/stm32f4xx_hal_uart.o
                0x0000000008003b80                HAL_UART_ErrorCallback
 .text.UART_DMAError
                0x0000000008003b82       0x58 ./Drivers/STM32F4xx_HAL_Driver/Src/stm32f4xx_hal_uart.o
 .text.UART_DMAAbortOnError
                0x0000000008003bda       0x10 ./Drivers/STM32F4xx_HAL_Driver/Src/stm32f4xx_hal_uart.o
 .text.HAL_UARTEx_RxEventCallback
                0x0000000008003bea        0x2 ./Drivers/STM32F4xx_HAL_Driver/Src/stm32f4xx_hal_uart.o
                0x0000000008003bea                HAL_UARTEx_RxEventCallback
 .text.UART_Receive_IT
                0x0000000008003bec       0xe2 ./Drivers/STM32F4xx_HAL_Driver/Src/stm32f4xx_hal_uart.o
 *fill*         0x0000000008003cce        0x2 
 .text.HAL_UART_IRQHandler
                0x0000000008003cd0      0x280 ./Drivers/STM32F4xx_HAL_Driver/Src/stm32f4xx_hal_uart.o
                0x0000000008003cd0                HAL_UART_IRQHandler
 .text.UART_Start_Receive_IT
                0x0000000008003f50       0x36 ./Drivers/STM32F4xx_HAL_Driver/Src/stm32f4xx_hal_uart.o
                0x0000000008003f50                UART_Start_Receive_IT
 .text.HAL_UART_Receive_IT
                0x0000000008003f86       0x38 ./Drivers/STM32F4xx_HAL_Driver/Src/stm32f4xx_hal_uart.o
                0x0000000008003f86                HAL_UART_Receive_IT
 *fill*         0x0000000008003fbe        0x2 
 .text.MCP4661_SetWiper
                0x0000000008003fc0       0x44 ./Src/MCP4661.o
                0x0000000008003fc0                MCP4661_SetWiper
 .text.MCP4661_ReadWiper
                0x0000000008004004       0x40 ./Src/MCP4661.o
                0x0000000008004004                MCP4661_ReadWiper
 .text.UART_Parse
                0x0000000008004044      0x100 ./Src/UART_Parser.o
                0x0000000008004044                UART_Parse
 .text.UART_PrepareData
                0x0000000008004144       0x4c ./Src/UART_Parser.o
                0x0000000008004144                UART_PrepareData
 .text.HAL_UART_RxCpltCallback
                0x0000000008004190       0x20 ./Src/UART_Parser.o
                0x0000000008004190                HAL_UART_RxCpltCallback
 .text.MX_ADC1_Init
                0x00000000080041b0      0x174 ./Src/adc.o
                0x00000000080041b0                MX_ADC1_Init
 .text.HAL_ADC_MspInit
                0x0000000008004324      0x10c ./Src/adc.o
                0x0000000008004324                HAL_ADC_MspInit
 .text.MX_DMA_Init
                0x0000000008004430       0x78 ./Src/dma.o
                0x0000000008004430                MX_DMA_Init
 .text.MX_GPIO_Init
                0x00000000080044a8       0xf8 ./Src/gpio.o
                0x00000000080044a8                MX_GPIO_Init
 .text.MX_I2C2_Init
                0x00000000080045a0       0x3c ./Src/i2c.o
                0x00000000080045a0                MX_I2C2_Init
 .text.HAL_I2C_MspInit
                0x00000000080045dc      0x104 ./Src/i2c.o
                0x00000000080045dc                HAL_I2C_MspInit
 .text.SystemClock_Config
                0x00000000080046e0       0x90 ./Src/main.o
                0x00000000080046e0                SystemClock_Config
 .text.main     0x0000000008004770       0xf0 ./Src/main.o
                0x0000000008004770                main
 .text.Error_Handler
                0x0000000008004860        0x2 ./Src/main.o
                0x0000000008004860                Error_Handler
 *fill*         0x0000000008004862        0x2 
 .text.HAL_MspInit
                0x0000000008004864       0x38 ./Src/stm32f4xx_hal_msp.o
                0x0000000008004864                HAL_MspInit
 .text.NMI_Handler
                0x000000000800489c        0x2 ./Src/stm32f4xx_it.o
                0x000000000800489c                NMI_Handler
 .text.HardFault_Handler
                0x000000000800489e        0x2 ./Src/stm32f4xx_it.o
                0x000000000800489e                HardFault_Handler
 .text.MemManage_Handler
                0x00000000080048a0        0x2 ./Src/stm32f4xx_it.o
                0x00000000080048a0                MemManage_Handler
 .text.BusFault_Handler
                0x00000000080048a2        0x2 ./Src/stm32f4xx_it.o
                0x00000000080048a2                BusFault_Handler
 .text.UsageFault_Handler
                0x00000000080048a4        0x2 ./Src/stm32f4xx_it.o
                0x00000000080048a4                UsageFault_Handler
 .text.SVC_Handler
                0x00000000080048a6        0x2 ./Src/stm32f4xx_it.o
                0x00000000080048a6                SVC_Handler
 .text.DebugMon_Handler
                0x00000000080048a8        0x2 ./Src/stm32f4xx_it.o
                0x00000000080048a8                DebugMon_Handler
 .text.PendSV_Handler
                0x00000000080048aa        0x2 ./Src/stm32f4xx_it.o
                0x00000000080048aa                PendSV_Handler
 .text.SysTick_Handler
                0x00000000080048ac        0x8 ./Src/stm32f4xx_it.o
                0x00000000080048ac                SysTick_Handler
 .text.DMA1_Stream2_IRQHandler
                0x00000000080048b4       0x10 ./Src/stm32f4xx_it.o
                0x00000000080048b4                DMA1_Stream2_IRQHandler
 .text.ADC_IRQHandler
                0x00000000080048c4       0x10 ./Src/stm32f4xx_it.o
                0x00000000080048c4                ADC_IRQHandler
 .text.TIM2_IRQHandler
                0x00000000080048d4       0x3c ./Src/stm32f4xx_it.o
                0x00000000080048d4                TIM2_IRQHandler
 .text.I2C2_EV_IRQHandler
                0x0000000008004910       0x10 ./Src/stm32f4xx_it.o
                0x0000000008004910                I2C2_EV_IRQHandler
 .text.USART1_IRQHandler
                0x0000000008004920       0x10 ./Src/stm32f4xx_it.o
                0x0000000008004920                USART1_IRQHandler
 .text.TIM8_TRG_COM_TIM14_IRQHandler
                0x0000000008004930       0x10 ./Src/stm32f4xx_it.o
                0x0000000008004930                TIM8_TRG_COM_TIM14_IRQHandler
 .text.DMA1_Stream7_IRQHandler
                0x0000000008004940       0x10 ./Src/stm32f4xx_it.o
                0x0000000008004940                DMA1_Stream7_IRQHandler
 .text.DMA2_Stream0_IRQHandler
                0x0000000008004950       0x10 ./Src/stm32f4xx_it.o
                0x0000000008004950                DMA2_Stream0_IRQHandler
 .text.DMA2_Stream7_IRQHandler
                0x0000000008004960       0x10 ./Src/stm32f4xx_it.o
                0x0000000008004960                DMA2_Stream7_IRQHandler
 .text.SystemInit
                0x0000000008004970       0x4c ./Src/system_stm32f4xx.o
                0x0000000008004970                SystemInit
 .text.MX_TIM2_Init
                0x00000000080049bc       0x70 ./Src/tim.o
                0x00000000080049bc                MX_TIM2_Init
 .text.MX_TIM14_Init
                0x0000000008004a2c       0x34 ./Src/tim.o
                0x0000000008004a2c                MX_TIM14_Init
 .text.HAL_TIM_Base_MspInit
                0x0000000008004a60       0x74 ./Src/tim.o
                0x0000000008004a60                HAL_TIM_Base_MspInit
 .text.MX_USART1_UART_Init
                0x0000000008004ad4       0x38 ./Src/usart.o
                0x0000000008004ad4                MX_USART1_UART_Init
 .text.HAL_UART_MspInit
                0x0000000008004b0c       0xc4 ./Src/usart.o
                0x0000000008004b0c                HAL_UART_MspInit
 .text.Reset_Handler
                0x0000000008004bd0       0x50 ./startup/startup_stm32f405xx.o
                0x0000000008004bd0                Reset_Handler
 .text.Default_Handler
                0x0000000008004c20        0x2 ./startup/startup_stm32f405xx.o
                0x0000000008004c20                RTC_Alarm_IRQHandler
                0x0000000008004c20                HASH_RNG_IRQHandler
                0x0000000008004c20                EXTI2_IRQHandler
                0x0000000008004c20                TIM8_CC_IRQHandler
                0x0000000008004c20                TIM1_CC_IRQHandler
                0x0000000008004c20                DMA2_Stream5_IRQHandler
                0x0000000008004c20                DMA1_Stream5_IRQHandler
                0x0000000008004c20                PVD_IRQHandler
                0x0000000008004c20                SDIO_IRQHandler
                0x0000000008004c20                TAMP_STAMP_IRQHandler
                0x0000000008004c20                CAN2_RX1_IRQHandler
                0x0000000008004c20                EXTI3_IRQHandler
                0x0000000008004c20                TIM1_UP_TIM10_IRQHandler
                0x0000000008004c20                TIM8_UP_TIM13_IRQHandler
                0x0000000008004c20                I2C3_ER_IRQHandler
                0x0000000008004c20                EXTI0_IRQHandler
                0x0000000008004c20                CAN1_RX0_IRQHandler
                0x0000000008004c20                FPU_IRQHandler
                0x0000000008004c20                OTG_HS_WKUP_IRQHandler
                0x0000000008004c20                CAN2_SCE_IRQHandler
                0x0000000008004c20                DMA2_Stream2_IRQHandler
                0x0000000008004c20                SPI1_IRQHandler
                0x0000000008004c20                TIM6_DAC_IRQHandler
                0x0000000008004c20                TIM1_BRK_TIM9_IRQHandler
                0x0000000008004c20                CAN2_RX0_IRQHandler
                0x0000000008004c20                DMA2_Stream3_IRQHandler
                0x0000000008004c20                USART6_IRQHandler
                0x0000000008004c20                USART3_IRQHandler
                0x0000000008004c20                CAN1_RX1_IRQHandler
                0x0000000008004c20                UART5_IRQHandler
                0x0000000008004c20                TIM4_IRQHandler
                0x0000000008004c20                I2C1_EV_IRQHandler
                0x0000000008004c20                DMA1_Stream6_IRQHandler
                0x0000000008004c20                DMA1_Stream1_IRQHandler
                0x0000000008004c20                UART4_IRQHandler
                0x0000000008004c20                TIM3_IRQHandler
                0x0000000008004c20                RCC_IRQHandler
                0x0000000008004c20                TIM8_BRK_TIM12_IRQHandler
                0x0000000008004c20                Default_Handler
                0x0000000008004c20                EXTI15_10_IRQHandler
                0x0000000008004c20                TIM7_IRQHandler
                0x0000000008004c20                CAN2_TX_IRQHandler
                0x0000000008004c20                TIM5_IRQHandler
                0x0000000008004c20                I2C3_EV_IRQHandler
                0x0000000008004c20                EXTI9_5_IRQHandler
                0x0000000008004c20                RTC_WKUP_IRQHandler
                0x0000000008004c20                SPI2_IRQHandler
                0x0000000008004c20                OTG_HS_EP1_IN_IRQHandler
                0x0000000008004c20                DMA1_Stream0_IRQHandler
                0x0000000008004c20                CAN1_TX_IRQHandler
                0x0000000008004c20                EXTI4_IRQHandler
                0x0000000008004c20                FSMC_IRQHandler
                0x0000000008004c20                OTG_HS_EP1_OUT_IRQHandler
                0x0000000008004c20                WWDG_IRQHandler
                0x0000000008004c20                OTG_FS_WKUP_IRQHandler
                0x0000000008004c20                TIM1_TRG_COM_TIM11_IRQHandler
                0x0000000008004c20                OTG_HS_IRQHandler
                0x0000000008004c20                EXTI1_IRQHandler
                0x0000000008004c20                USART2_IRQHandler
                0x0000000008004c20                I2C2_ER_IRQHandler
                0x0000000008004c20                DMA2_Stream1_IRQHandler
                0x0000000008004c20                CAN1_SCE_IRQHandler
                0x0000000008004c20                FLASH_IRQHandler
                0x0000000008004c20                DMA2_Stream4_IRQHandler
                0x0000000008004c20                OTG_FS_IRQHandler
                0x0000000008004c20                SPI3_IRQHandler
                0x0000000008004c20                DMA1_Stream4_IRQHandler
                0x0000000008004c20                I2C1_ER_IRQHandler
                0x0000000008004c20                DMA2_Stream6_IRQHandler
                0x0000000008004c20                DMA1_Stream3_IRQHandler
 *fill*         0x0000000008004c22        0x2 
 .text.__libc_init_array
                0x0000000008004c24       0x48 c:/st/stm32cubeide_1.7.0/stm32cubeide/plugins/com.st.stm32cube.ide.mcu.externaltools.gnu-tools-for-stm32.9-2020-q2-update.win32_2.0.0.202105311346/tools/bin/../lib/gcc/arm-none-eabi/9.3.1/../../../../arm-none-eabi/lib/thumb/v7e-m+fp/hard\libc_nano.a(lib_a-init.o)
                0x0000000008004c24                __libc_init_array
 .text.memset   0x0000000008004c6c       0x10 c:/st/stm32cubeide_1.7.0/stm32cubeide/plugins/com.st.stm32cube.ide.mcu.externaltools.gnu-tools-for-stm32.9-2020-q2-update.win32_2.0.0.202105311346/tools/bin/../lib/gcc/arm-none-eabi/9.3.1/../../../../arm-none-eabi/lib/thumb/v7e-m+fp/hard\libc_nano.a(lib_a-memset.o)
                0x0000000008004c6c                memset
 *(.glue_7)
 .glue_7        0x0000000008004c7c        0x0 linker stubs
 *(.glue_7t)
 .glue_7t       0x0000000008004c7c        0x0 linker stubs
 *(.eh_frame)
 .eh_frame      0x0000000008004c7c        0x0 c:/st/stm32cubeide_1.7.0/stm32cubeide/plugins/com.st.stm32cube.ide.mcu.externaltools.gnu-tools-for-stm32.9-2020-q2-update.win32_2.0.0.202105311346/tools/bin/../lib/gcc/arm-none-eabi/9.3.1/thumb/v7e-m+fp/hard/crtbegin.o
 *(.init)
 .init          0x0000000008004c7c        0x4 c:/st/stm32cubeide_1.7.0/stm32cubeide/plugins/com.st.stm32cube.ide.mcu.externaltools.gnu-tools-for-stm32.9-2020-q2-update.win32_2.0.0.202105311346/tools/bin/../lib/gcc/arm-none-eabi/9.3.1/thumb/v7e-m+fp/hard/crti.o
                0x0000000008004c7c                _init
 .init          0x0000000008004c80        0x8 c:/st/stm32cubeide_1.7.0/stm32cubeide/plugins/com.st.stm32cube.ide.mcu.externaltools.gnu-tools-for-stm32.9-2020-q2-update.win32_2.0.0.202105311346/tools/bin/../lib/gcc/arm-none-eabi/9.3.1/thumb/v7e-m+fp/hard/crtn.o
 *(.fini)
 .fini          0x0000000008004c88        0x4 c:/st/stm32cubeide_1.7.0/stm32cubeide/plugins/com.st.stm32cube.ide.mcu.externaltools.gnu-tools-for-stm32.9-2020-q2-update.win32_2.0.0.202105311346/tools/bin/../lib/gcc/arm-none-eabi/9.3.1/thumb/v7e-m+fp/hard/crti.o
                0x0000000008004c88                _fini
 .fini          0x0000000008004c8c        0x8 c:/st/stm32cubeide_1.7.0/stm32cubeide/plugins/com.st.stm32cube.ide.mcu.externaltools.gnu-tools-for-stm32.9-2020-q2-update.win32_2.0.0.202105311346/tools/bin/../lib/gcc/arm-none-eabi/9.3.1/thumb/v7e-m+fp/hard/crtn.o
                0x0000000008004c94                . = ALIGN (0x4)
                0x0000000008004c94                _etext = .

.vfp11_veneer   0x0000000008004c94        0x0
 .vfp11_veneer  0x0000000008004c94        0x0 linker stubs

.v4_bx          0x0000000008004c94        0x0
 .v4_bx         0x0000000008004c94        0x0 linker stubs

.iplt           0x0000000008004c94        0x0
 .iplt          0x0000000008004c94        0x0 c:/st/stm32cubeide_1.7.0/stm32cubeide/plugins/com.st.stm32cube.ide.mcu.externaltools.gnu-tools-for-stm32.9-2020-q2-update.win32_2.0.0.202105311346/tools/bin/../lib/gcc/arm-none-eabi/9.3.1/thumb/v7e-m+fp/hard/crtbegin.o

.rodata         0x0000000008004c94       0x34
                0x0000000008004c94                . = ALIGN (0x4)
 *(.rodata)
 .rodata        0x0000000008004c94        0x8 ./Drivers/STM32F4xx_HAL_Driver/Src/stm32f4xx_hal_dma.o
 .rodata        0x0000000008004c9c       0x14 ./Src/MCP4661.o
                0x0000000008004c9c                MCP4661_addr
                0x0000000008004ca4                Rw_value
 .rodata        0x0000000008004cb0       0x18 ./Src/system_stm32f4xx.o
                0x0000000008004cb0                AHBPrescTable
                0x0000000008004cc0                APBPrescTable
 *(.rodata*)
                0x0000000008004cc8                . = ALIGN (0x4)

.ARM.extab
 *(.ARM.extab* .gnu.linkonce.armextab.*)

.ARM            0x0000000008004cc8        0x8
                0x0000000008004cc8                __exidx_start = .
 *(.ARM.exidx*)
 .ARM.exidx     0x0000000008004cc8        0x8 c:/st/stm32cubeide_1.7.0/stm32cubeide/plugins/com.st.stm32cube.ide.mcu.externaltools.gnu-tools-for-stm32.9-2020-q2-update.win32_2.0.0.202105311346/tools/bin/../lib/gcc/arm-none-eabi/9.3.1/thumb/v7e-m+fp/hard\libgcc.a(_udivmoddi4.o)
                0x0000000008004cd0                __exidx_end = .

.rel.dyn        0x0000000008004cd0        0x0
 .rel.iplt      0x0000000008004cd0        0x0 c:/st/stm32cubeide_1.7.0/stm32cubeide/plugins/com.st.stm32cube.ide.mcu.externaltools.gnu-tools-for-stm32.9-2020-q2-update.win32_2.0.0.202105311346/tools/bin/../lib/gcc/arm-none-eabi/9.3.1/thumb/v7e-m+fp/hard/crtbegin.o

.preinit_array  0x0000000008004cd0        0x0
                0x0000000008004cd0                PROVIDE (__preinit_array_start = .)
 *(.preinit_array*)
                0x0000000008004cd0                PROVIDE (__preinit_array_end = .)

.init_array     0x0000000008004cd0        0x4
                0x0000000008004cd0                PROVIDE (__init_array_start = .)
 *(SORT_BY_NAME(.init_array.*))
 *(.init_array*)
 .init_array    0x0000000008004cd0        0x4 c:/st/stm32cubeide_1.7.0/stm32cubeide/plugins/com.st.stm32cube.ide.mcu.externaltools.gnu-tools-for-stm32.9-2020-q2-update.win32_2.0.0.202105311346/tools/bin/../lib/gcc/arm-none-eabi/9.3.1/thumb/v7e-m+fp/hard/crtbegin.o
                0x0000000008004cd4                PROVIDE (__init_array_end = .)

.fini_array     0x0000000008004cd4        0x4
                [!provide]                        PROVIDE (__fini_array_start = .)
 *(SORT_BY_NAME(.fini_array.*))
 *(.fini_array*)
 .fini_array    0x0000000008004cd4        0x4 c:/st/stm32cubeide_1.7.0/stm32cubeide/plugins/com.st.stm32cube.ide.mcu.externaltools.gnu-tools-for-stm32.9-2020-q2-update.win32_2.0.0.202105311346/tools/bin/../lib/gcc/arm-none-eabi/9.3.1/thumb/v7e-m+fp/hard/crtbegin.o
                [!provide]                        PROVIDE (__fini_array_end = .)
                0x0000000008004cd8                _sidata = LOADADDR (.data)

.data           0x0000000020000000       0x28 load address 0x0000000008004cd8
                0x0000000020000000                . = ALIGN (0x4)
                0x0000000020000000                _sdata = .
 *(.data)
 .data          0x0000000020000000        0x8 ./Drivers/STM32F4xx_HAL_Driver/Src/stm32f4xx_hal.o
                0x0000000020000000                uwTickFreq
                0x0000000020000004                uwTickPrio
 .data          0x0000000020000008       0x1a ./Src/UART_Parser.o
                0x000000002000000c                test
 *fill*         0x0000000020000022        0x2 
 .data          0x0000000020000024        0x4 ./Src/system_stm32f4xx.o
                0x0000000020000024                SystemCoreClock
 *(.data*)
                0x0000000020000028                . = ALIGN (0x4)
                0x0000000020000028                _edata = .
                0x0000000008004d00                _siccmram = LOADADDR (.ccmram)

.igot.plt       0x0000000020000028        0x0 load address 0x0000000008004d00
 .igot.plt      0x0000000020000028        0x0 c:/st/stm32cubeide_1.7.0/stm32cubeide/plugins/com.st.stm32cube.ide.mcu.externaltools.gnu-tools-for-stm32.9-2020-q2-update.win32_2.0.0.202105311346/tools/bin/../lib/gcc/arm-none-eabi/9.3.1/thumb/v7e-m+fp/hard/crtbegin.o

.ccmram         0x0000000010000000        0x0 load address 0x0000000008004d00
                0x0000000010000000                . = ALIGN (0x4)
                0x0000000010000000                _sccmram = .
 *(.ccmram)
 *(.ccmram*)
                0x0000000010000000                . = ALIGN (0x4)
                0x0000000010000000                _eccmram = .
                0x0000000010000000                . = ALIGN (0x4)

.bss            0x0000000020000028      0x350
                0x0000000020000028                _sbss = .
                0x0000000020000028                __bss_start__ = _sbss
 *(.bss)
 .bss           0x0000000020000028       0x1c c:/st/stm32cubeide_1.7.0/stm32cubeide/plugins/com.st.stm32cube.ide.mcu.externaltools.gnu-tools-for-stm32.9-2020-q2-update.win32_2.0.0.202105311346/tools/bin/../lib/gcc/arm-none-eabi/9.3.1/thumb/v7e-m+fp/hard/crtbegin.o
 .bss           0x0000000020000044        0x8 ./Src/UART_Parser.o
                0x0000000020000047                measureFlag
                0x0000000020000048                time
 *(.bss*)
 *(COMMON)
 COMMON         0x000000002000004c        0x4 ./Drivers/STM32F4xx_HAL_Driver/Src/stm32f4xx_hal.o
                0x000000002000004c                uwTick
 COMMON         0x0000000020000050       0x1d ./Src/UART_Parser.o
                0x0000000020000050                uartFrame
                0x000000002000006c                receivedData
 *fill*         0x000000002000006d        0x3 
 COMMON         0x0000000020000070       0xbe ./Src/adc.o
                0x0000000020000070                hadc1
                0x00000000200000b8                hdma_adc1
                0x0000000020000118                adcValue
 *fill*         0x000000002000012e        0x2 
 COMMON         0x0000000020000130      0x114 ./Src/i2c.o
                0x0000000020000130                hi2c2
                0x0000000020000184                hdma_i2c2_rx
                0x00000000200001e4                hdma_i2c2_tx
 COMMON         0x0000000020000244       0x90 ./Src/tim.o
                0x0000000020000244                htim2
                0x000000002000028c                htim14
 COMMON         0x00000000200002d4       0xa4 ./Src/usart.o
                0x00000000200002d4                hdma_usart1_tx
                0x0000000020000334                huart1
                0x0000000020000378                . = ALIGN (0x4)
                0x0000000020000378                _ebss = .
                0x0000000020000378                __bss_end__ = _ebss

._user_heap_stack
                0x0000000020000378      0x600
                0x0000000020000378                . = ALIGN (0x8)
                0x0000000020000378                PROVIDE (end = .)
                [!provide]                        PROVIDE (_end = .)
                0x0000000020000578                . = (. + _Min_Heap_Size)
 *fill*         0x0000000020000378      0x200 
                0x0000000020000978                . = (. + _Min_Stack_Size)
 *fill*         0x0000000020000578      0x400 
                0x0000000020000978                . = ALIGN (0x8)

/DISCARD/
 libc.a(*)
 libm.a(*)
 libgcc.a(*)

.ARM.attributes
                0x0000000000000000       0x30
 *(.ARM.attributes)
 .ARM.attributes
                0x0000000000000000       0x1e c:/st/stm32cubeide_1.7.0/stm32cubeide/plugins/com.st.stm32cube.ide.mcu.externaltools.gnu-tools-for-stm32.9-2020-q2-update.win32_2.0.0.202105311346/tools/bin/../lib/gcc/arm-none-eabi/9.3.1/thumb/v7e-m+fp/hard/crti.o
 .ARM.attributes
                0x000000000000001e       0x34 c:/st/stm32cubeide_1.7.0/stm32cubeide/plugins/com.st.stm32cube.ide.mcu.externaltools.gnu-tools-for-stm32.9-2020-q2-update.win32_2.0.0.202105311346/tools/bin/../lib/gcc/arm-none-eabi/9.3.1/thumb/v7e-m+fp/hard/crtbegin.o
 .ARM.attributes
                0x0000000000000052       0x34 ./Drivers/STM32F4xx_HAL_Driver/Src/stm32f4xx_hal.o
 .ARM.attributes
                0x0000000000000086       0x34 ./Drivers/STM32F4xx_HAL_Driver/Src/stm32f4xx_hal_adc.o
 .ARM.attributes
                0x00000000000000ba       0x34 ./Drivers/STM32F4xx_HAL_Driver/Src/stm32f4xx_hal_adc_ex.o
 .ARM.attributes
                0x00000000000000ee       0x34 ./Drivers/STM32F4xx_HAL_Driver/Src/stm32f4xx_hal_cortex.o
 .ARM.attributes
                0x0000000000000122       0x34 ./Drivers/STM32F4xx_HAL_Driver/Src/stm32f4xx_hal_dma.o
 .ARM.attributes
                0x0000000000000156       0x34 ./Drivers/STM32F4xx_HAL_Driver/Src/stm32f4xx_hal_gpio.o
 .ARM.attributes
                0x000000000000018a       0x34 ./Drivers/STM32F4xx_HAL_Driver/Src/stm32f4xx_hal_i2c.o
 .ARM.attributes
                0x00000000000001be       0x34 ./Drivers/STM32F4xx_HAL_Driver/Src/stm32f4xx_hal_rcc.o
 .ARM.attributes
                0x00000000000001f2       0x34 ./Drivers/STM32F4xx_HAL_Driver/Src/stm32f4xx_hal_tim.o
 .ARM.attributes
                0x0000000000000226       0x34 ./Drivers/STM32F4xx_HAL_Driver/Src/stm32f4xx_hal_tim_ex.o
 .ARM.attributes
                0x000000000000025a       0x34 ./Drivers/STM32F4xx_HAL_Driver/Src/stm32f4xx_hal_uart.o
 .ARM.attributes
                0x000000000000028e       0x34 ./Src/MCP4661.o
 .ARM.attributes
                0x00000000000002c2       0x34 ./Src/UART_Parser.o
 .ARM.attributes
                0x00000000000002f6       0x34 ./Src/adc.o
 .ARM.attributes
                0x000000000000032a       0x34 ./Src/dma.o
 .ARM.attributes
                0x000000000000035e       0x34 ./Src/gpio.o
 .ARM.attributes
                0x0000000000000392       0x34 ./Src/i2c.o
 .ARM.attributes
                0x00000000000003c6       0x34 ./Src/main.o
 .ARM.attributes
                0x00000000000003fa       0x34 ./Src/stm32f4xx_hal_msp.o
 .ARM.attributes
                0x000000000000042e       0x34 ./Src/stm32f4xx_it.o
 .ARM.attributes
                0x0000000000000462       0x34 ./Src/system_stm32f4xx.o
 .ARM.attributes
                0x0000000000000496       0x34 ./Src/tim.o
 .ARM.attributes
                0x00000000000004ca       0x34 ./Src/usart.o
 .ARM.attributes
                0x00000000000004fe       0x21 ./startup/startup_stm32f405xx.o
 .ARM.attributes
                0x000000000000051f       0x34 c:/st/stm32cubeide_1.7.0/stm32cubeide/plugins/com.st.stm32cube.ide.mcu.externaltools.gnu-tools-for-stm32.9-2020-q2-update.win32_2.0.0.202105311346/tools/bin/../lib/gcc/arm-none-eabi/9.3.1/../../../../arm-none-eabi/lib/thumb/v7e-m+fp/hard\libc_nano.a(lib_a-init.o)
 .ARM.attributes
                0x0000000000000553       0x34 c:/st/stm32cubeide_1.7.0/stm32cubeide/plugins/com.st.stm32cube.ide.mcu.externaltools.gnu-tools-for-stm32.9-2020-q2-update.win32_2.0.0.202105311346/tools/bin/../lib/gcc/arm-none-eabi/9.3.1/../../../../arm-none-eabi/lib/thumb/v7e-m+fp/hard\libc_nano.a(lib_a-memset.o)
 .ARM.attributes
                0x0000000000000587       0x1e c:/st/stm32cubeide_1.7.0/stm32cubeide/plugins/com.st.stm32cube.ide.mcu.externaltools.gnu-tools-for-stm32.9-2020-q2-update.win32_2.0.0.202105311346/tools/bin/../lib/gcc/arm-none-eabi/9.3.1/thumb/v7e-m+fp/hard\libgcc.a(_aeabi_uldivmod.o)
 .ARM.attributes
                0x00000000000005a5       0x34 c:/st/stm32cubeide_1.7.0/stm32cubeide/plugins/com.st.stm32cube.ide.mcu.externaltools.gnu-tools-for-stm32.9-2020-q2-update.win32_2.0.0.202105311346/tools/bin/../lib/gcc/arm-none-eabi/9.3.1/thumb/v7e-m+fp/hard\libgcc.a(_udivmoddi4.o)
 .ARM.attributes
                0x00000000000005d9       0x1e c:/st/stm32cubeide_1.7.0/stm32cubeide/plugins/com.st.stm32cube.ide.mcu.externaltools.gnu-tools-for-stm32.9-2020-q2-update.win32_2.0.0.202105311346/tools/bin/../lib/gcc/arm-none-eabi/9.3.1/thumb/v7e-m+fp/hard\libgcc.a(_dvmd_tls.o)
 .ARM.attributes
                0x00000000000005f7       0x1e c:/st/stm32cubeide_1.7.0/stm32cubeide/plugins/com.st.stm32cube.ide.mcu.externaltools.gnu-tools-for-stm32.9-2020-q2-update.win32_2.0.0.202105311346/tools/bin/../lib/gcc/arm-none-eabi/9.3.1/thumb/v7e-m+fp/hard/crtn.o
OUTPUT(spawacze_V2.elf elf32-littlearm)
LOAD linker stubs
LOAD c:/st/stm32cubeide_1.7.0/stm32cubeide/plugins/com.st.stm32cube.ide.mcu.externaltools.gnu-tools-for-stm32.9-2020-q2-update.win32_2.0.0.202105311346/tools/bin/../lib/gcc/arm-none-eabi/9.3.1/../../../../arm-none-eabi/lib/thumb/v7e-m+fp/hard\libc.a
LOAD c:/st/stm32cubeide_1.7.0/stm32cubeide/plugins/com.st.stm32cube.ide.mcu.externaltools.gnu-tools-for-stm32.9-2020-q2-update.win32_2.0.0.202105311346/tools/bin/../lib/gcc/arm-none-eabi/9.3.1/../../../../arm-none-eabi/lib/thumb/v7e-m+fp/hard\libm.a
LOAD c:/st/stm32cubeide_1.7.0/stm32cubeide/plugins/com.st.stm32cube.ide.mcu.externaltools.gnu-tools-for-stm32.9-2020-q2-update.win32_2.0.0.202105311346/tools/bin/../lib/gcc/arm-none-eabi/9.3.1/thumb/v7e-m+fp/hard\libgcc.a

.debug_info     0x0000000000000000    0x1c1af
 .debug_info    0x0000000000000000      0xa6b ./Drivers/STM32F4xx_HAL_Driver/Src/stm32f4xx_hal.o
 .debug_info    0x0000000000000a6b      0xf83 ./Drivers/STM32F4xx_HAL_Driver/Src/stm32f4xx_hal_adc.o
 .debug_info    0x00000000000019ee      0xd76 ./Drivers/STM32F4xx_HAL_Driver/Src/stm32f4xx_hal_adc_ex.o
 .debug_info    0x0000000000002764     0x1146 ./Drivers/STM32F4xx_HAL_Driver/Src/stm32f4xx_hal_cortex.o
 .debug_info    0x00000000000038aa      0xbf1 ./Drivers/STM32F4xx_HAL_Driver/Src/stm32f4xx_hal_dma.o
 .debug_info    0x000000000000449b      0x888 ./Drivers/STM32F4xx_HAL_Driver/Src/stm32f4xx_hal_gpio.o
 .debug_info    0x0000000000004d23     0x3a10 ./Drivers/STM32F4xx_HAL_Driver/Src/stm32f4xx_hal_i2c.o
 .debug_info    0x0000000000008733      0xb61 ./Drivers/STM32F4xx_HAL_Driver/Src/stm32f4xx_hal_rcc.o
 .debug_info    0x0000000000009294     0x3e40 ./Drivers/STM32F4xx_HAL_Driver/Src/stm32f4xx_hal_tim.o
 .debug_info    0x000000000000d0d4     0x1bcc ./Drivers/STM32F4xx_HAL_Driver/Src/stm32f4xx_hal_tim_ex.o
 .debug_info    0x000000000000eca0     0x42f0 ./Drivers/STM32F4xx_HAL_Driver/Src/stm32f4xx_hal_uart.o
 .debug_info    0x0000000000012f90      0xa7a ./Src/MCP4661.o
 .debug_info    0x0000000000013a0a      0xed7 ./Src/UART_Parser.o
 .debug_info    0x00000000000148e1     0x1080 ./Src/adc.o
 .debug_info    0x0000000000015961      0x693 ./Src/dma.o
 .debug_info    0x0000000000015ff4      0x5f5 ./Src/gpio.o
 .debug_info    0x00000000000165e9      0xe41 ./Src/i2c.o
 .debug_info    0x000000000001742a     0x167b ./Src/main.o
 .debug_info    0x0000000000018aa5      0x394 ./Src/stm32f4xx_hal_msp.o
 .debug_info    0x0000000000018e39     0x11e5 ./Src/stm32f4xx_it.o
 .debug_info    0x000000000001a01e      0x5bd ./Src/system_stm32f4xx.o
 .debug_info    0x000000000001a5db      0xe3d ./Src/tim.o
 .debug_info    0x000000000001b418      0xd75 ./Src/usart.o
 .debug_info    0x000000000001c18d       0x22 ./startup/startup_stm32f405xx.o

.debug_abbrev   0x0000000000000000     0x33fa
 .debug_abbrev  0x0000000000000000      0x21c ./Drivers/STM32F4xx_HAL_Driver/Src/stm32f4xx_hal.o
 .debug_abbrev  0x000000000000021c      0x269 ./Drivers/STM32F4xx_HAL_Driver/Src/stm32f4xx_hal_adc.o
 .debug_abbrev  0x0000000000000485      0x2c2 ./Drivers/STM32F4xx_HAL_Driver/Src/stm32f4xx_hal_adc_ex.o
 .debug_abbrev  0x0000000000000747      0x393 ./Drivers/STM32F4xx_HAL_Driver/Src/stm32f4xx_hal_cortex.o
 .debug_abbrev  0x0000000000000ada      0x2d8 ./Drivers/STM32F4xx_HAL_Driver/Src/stm32f4xx_hal_dma.o
 .debug_abbrev  0x0000000000000db2      0x21f ./Drivers/STM32F4xx_HAL_Driver/Src/stm32f4xx_hal_gpio.o
 .debug_abbrev  0x0000000000000fd1      0x2ae ./Drivers/STM32F4xx_HAL_Driver/Src/stm32f4xx_hal_i2c.o
 .debug_abbrev  0x000000000000127f      0x2b1 ./Drivers/STM32F4xx_HAL_Driver/Src/stm32f4xx_hal_rcc.o
 .debug_abbrev  0x0000000000001530      0x25b ./Drivers/STM32F4xx_HAL_Driver/Src/stm32f4xx_hal_tim.o
 .debug_abbrev  0x000000000000178b      0x271 ./Drivers/STM32F4xx_HAL_Driver/Src/stm32f4xx_hal_tim_ex.o
 .debug_abbrev  0x00000000000019fc      0x345 ./Drivers/STM32F4xx_HAL_Driver/Src/stm32f4xx_hal_uart.o
 .debug_abbrev  0x0000000000001d41      0x25d ./Src/MCP4661.o
 .debug_abbrev  0x0000000000001f9e      0x2c6 ./Src/UART_Parser.o
 .debug_abbrev  0x0000000000002264      0x20c ./Src/adc.o
 .debug_abbrev  0x0000000000002470      0x156 ./Src/dma.o
 .debug_abbrev  0x00000000000025c6      0x17e ./Src/gpio.o
 .debug_abbrev  0x0000000000002744      0x20c ./Src/i2c.o
 .debug_abbrev  0x0000000000002950      0x229 ./Src/main.o
 .debug_abbrev  0x0000000000002b79      0x11d ./Src/stm32f4xx_hal_msp.o
 .debug_abbrev  0x0000000000002c96      0x200 ./Src/stm32f4xx_it.o
 .debug_abbrev  0x0000000000002e96      0x14b ./Src/system_stm32f4xx.o
 .debug_abbrev  0x0000000000002fe1      0x1fb ./Src/tim.o
 .debug_abbrev  0x00000000000031dc      0x20c ./Src/usart.o
 .debug_abbrev  0x00000000000033e8       0x12 ./startup/startup_stm32f405xx.o

.debug_loc      0x0000000000000000    0x13312
 .debug_loc     0x0000000000000000      0x141 ./Drivers/STM32F4xx_HAL_Driver/Src/stm32f4xx_hal.o
 .debug_loc     0x0000000000000141      0xb43 ./Drivers/STM32F4xx_HAL_Driver/Src/stm32f4xx_hal_adc.o
 .debug_loc     0x0000000000000c84      0xa82 ./Drivers/STM32F4xx_HAL_Driver/Src/stm32f4xx_hal_adc_ex.o
 .debug_loc     0x0000000000001706      0x744 ./Drivers/STM32F4xx_HAL_Driver/Src/stm32f4xx_hal_cortex.o
 .debug_loc     0x0000000000001e4a      0xbf9 ./Drivers/STM32F4xx_HAL_Driver/Src/stm32f4xx_hal_dma.o
 .debug_loc     0x0000000000002a43      0x513 ./Drivers/STM32F4xx_HAL_Driver/Src/stm32f4xx_hal_gpio.o
 .debug_loc     0x0000000000002f56     0x4108 ./Drivers/STM32F4xx_HAL_Driver/Src/stm32f4xx_hal_i2c.o
 .debug_loc     0x000000000000705e      0x56f ./Drivers/STM32F4xx_HAL_Driver/Src/stm32f4xx_hal_rcc.o
 .debug_loc     0x00000000000075cd     0x4fd6 ./Drivers/STM32F4xx_HAL_Driver/Src/stm32f4xx_hal_tim.o
 .debug_loc     0x000000000000c5a3     0x1c84 ./Drivers/STM32F4xx_HAL_Driver/Src/stm32f4xx_hal_tim_ex.o
 .debug_loc     0x000000000000e227     0x49eb ./Drivers/STM32F4xx_HAL_Driver/Src/stm32f4xx_hal_uart.o
 .debug_loc     0x0000000000012c12      0x2db ./Src/MCP4661.o
 .debug_loc     0x0000000000012eed       0x9b ./Src/UART_Parser.o
 .debug_loc     0x0000000000012f88       0x71 ./Src/adc.o
 .debug_loc     0x0000000000012ff9       0x7e ./Src/i2c.o
 .debug_loc     0x0000000000013077      0x16c ./Src/system_stm32f4xx.o
 .debug_loc     0x00000000000131e3       0xbe ./Src/tim.o
 .debug_loc     0x00000000000132a1       0x71 ./Src/usart.o

.debug_aranges  0x0000000000000000     0x1120
 .debug_aranges
                0x0000000000000000       0xf0 ./Drivers/STM32F4xx_HAL_Driver/Src/stm32f4xx_hal.o
 .debug_aranges
                0x00000000000000f0       0xe8 ./Drivers/STM32F4xx_HAL_Driver/Src/stm32f4xx_hal_adc.o
 .debug_aranges
                0x00000000000001d8       0x90 ./Drivers/STM32F4xx_HAL_Driver/Src/stm32f4xx_hal_adc_ex.o
 .debug_aranges
                0x0000000000000268       0xa8 ./Drivers/STM32F4xx_HAL_Driver/Src/stm32f4xx_hal_cortex.o
 .debug_aranges
                0x0000000000000310       0x90 ./Drivers/STM32F4xx_HAL_Driver/Src/stm32f4xx_hal_dma.o
 .debug_aranges
                0x00000000000003a0       0x58 ./Drivers/STM32F4xx_HAL_Driver/Src/stm32f4xx_hal_gpio.o
 .debug_aranges
                0x00000000000003f8      0x2a0 ./Drivers/STM32F4xx_HAL_Driver/Src/stm32f4xx_hal_i2c.o
 .debug_aranges
                0x0000000000000698       0x88 ./Drivers/STM32F4xx_HAL_Driver/Src/stm32f4xx_hal_rcc.o
 .debug_aranges
                0x0000000000000720      0x3d0 ./Drivers/STM32F4xx_HAL_Driver/Src/stm32f4xx_hal_tim.o
 .debug_aranges
                0x0000000000000af0      0x168 ./Drivers/STM32F4xx_HAL_Driver/Src/stm32f4xx_hal_tim_ex.o
 .debug_aranges
                0x0000000000000c58      0x200 ./Drivers/STM32F4xx_HAL_Driver/Src/stm32f4xx_hal_uart.o
 .debug_aranges
                0x0000000000000e58       0x48 ./Src/MCP4661.o
 .debug_aranges
                0x0000000000000ea0       0x30 ./Src/UART_Parser.o
 .debug_aranges
                0x0000000000000ed0       0x30 ./Src/adc.o
 .debug_aranges
                0x0000000000000f00       0x20 ./Src/dma.o
 .debug_aranges
                0x0000000000000f20       0x20 ./Src/gpio.o
 .debug_aranges
                0x0000000000000f40       0x30 ./Src/i2c.o
 .debug_aranges
                0x0000000000000f70       0x30 ./Src/main.o
 .debug_aranges
                0x0000000000000fa0       0x20 ./Src/stm32f4xx_hal_msp.o
 .debug_aranges
                0x0000000000000fc0       0xa8 ./Src/stm32f4xx_it.o
 .debug_aranges
                0x0000000000001068       0x28 ./Src/system_stm32f4xx.o
 .debug_aranges
                0x0000000000001090       0x38 ./Src/tim.o
 .debug_aranges
                0x00000000000010c8       0x30 ./Src/usart.o
 .debug_aranges
                0x00000000000010f8       0x28 ./startup/startup_stm32f405xx.o

.debug_ranges   0x0000000000000000     0x1080
 .debug_ranges  0x0000000000000000       0xe0 ./Drivers/STM32F4xx_HAL_Driver/Src/stm32f4xx_hal.o
 .debug_ranges  0x00000000000000e0       0xd8 ./Drivers/STM32F4xx_HAL_Driver/Src/stm32f4xx_hal_adc.o
 .debug_ranges  0x00000000000001b8       0x80 ./Drivers/STM32F4xx_HAL_Driver/Src/stm32f4xx_hal_adc_ex.o
 .debug_ranges  0x0000000000000238       0xf8 ./Drivers/STM32F4xx_HAL_Driver/Src/stm32f4xx_hal_cortex.o
 .debug_ranges  0x0000000000000330       0x80 ./Drivers/STM32F4xx_HAL_Driver/Src/stm32f4xx_hal_dma.o
 .debug_ranges  0x00000000000003b0       0x48 ./Drivers/STM32F4xx_HAL_Driver/Src/stm32f4xx_hal_gpio.o
 .debug_ranges  0x00000000000003f8      0x2a8 ./Drivers/STM32F4xx_HAL_Driver/Src/stm32f4xx_hal_i2c.o
 .debug_ranges  0x00000000000006a0       0x90 ./Drivers/STM32F4xx_HAL_Driver/Src/stm32f4xx_hal_rcc.o
 .debug_ranges  0x0000000000000730      0x3c0 ./Drivers/STM32F4xx_HAL_Driver/Src/stm32f4xx_hal_tim.o
 .debug_ranges  0x0000000000000af0      0x158 ./Drivers/STM32F4xx_HAL_Driver/Src/stm32f4xx_hal_tim_ex.o
 .debug_ranges  0x0000000000000c48      0x208 ./Drivers/STM32F4xx_HAL_Driver/Src/stm32f4xx_hal_uart.o
 .debug_ranges  0x0000000000000e50       0x38 ./Src/MCP4661.o
 .debug_ranges  0x0000000000000e88       0x50 ./Src/UART_Parser.o
 .debug_ranges  0x0000000000000ed8       0x20 ./Src/adc.o
 .debug_ranges  0x0000000000000ef8       0x10 ./Src/dma.o
 .debug_ranges  0x0000000000000f08       0x10 ./Src/gpio.o
 .debug_ranges  0x0000000000000f18       0x20 ./Src/i2c.o
 .debug_ranges  0x0000000000000f38       0x20 ./Src/main.o
 .debug_ranges  0x0000000000000f58       0x10 ./Src/stm32f4xx_hal_msp.o
 .debug_ranges  0x0000000000000f68       0x98 ./Src/stm32f4xx_it.o
 .debug_ranges  0x0000000000001000       0x18 ./Src/system_stm32f4xx.o
 .debug_ranges  0x0000000000001018       0x28 ./Src/tim.o
 .debug_ranges  0x0000000000001040       0x20 ./Src/usart.o
 .debug_ranges  0x0000000000001060       0x20 ./startup/startup_stm32f405xx.o

.debug_macro    0x0000000000000000    0x2153a
 .debug_macro   0x0000000000000000      0x270 ./Drivers/STM32F4xx_HAL_Driver/Src/stm32f4xx_hal.o
 .debug_macro   0x0000000000000270      0xaae ./Drivers/STM32F4xx_HAL_Driver/Src/stm32f4xx_hal.o
 .debug_macro   0x0000000000000d1e      0x2a7 ./Drivers/STM32F4xx_HAL_Driver/Src/stm32f4xx_hal.o
 .debug_macro   0x0000000000000fc5       0x2e ./Drivers/STM32F4xx_HAL_Driver/Src/stm32f4xx_hal.o
 .debug_macro   0x0000000000000ff3       0x2f ./Drivers/STM32F4xx_HAL_Driver/Src/stm32f4xx_hal.o
 .debug_macro   0x0000000000001022       0x22 ./Drivers/STM32F4xx_HAL_Driver/Src/stm32f4xx_hal.o
 .debug_macro   0x0000000000001044       0x8e ./Drivers/STM32F4xx_HAL_Driver/Src/stm32f4xx_hal.o
 .debug_macro   0x00000000000010d2       0x51 ./Drivers/STM32F4xx_HAL_Driver/Src/stm32f4xx_hal.o
 .debug_macro   0x0000000000001123      0x103 ./Drivers/STM32F4xx_HAL_Driver/Src/stm32f4xx_hal.o
 .debug_macro   0x0000000000001226       0x6a ./Drivers/STM32F4xx_HAL_Driver/Src/stm32f4xx_hal.o
 .debug_macro   0x0000000000001290      0x1df ./Drivers/STM32F4xx_HAL_Driver/Src/stm32f4xx_hal.o
 .debug_macro   0x000000000000146f       0x1c ./Drivers/STM32F4xx_HAL_Driver/Src/stm32f4xx_hal.o
 .debug_macro   0x000000000000148b       0x22 ./Drivers/STM32F4xx_HAL_Driver/Src/stm32f4xx_hal.o
 .debug_macro   0x00000000000014ad       0xdf ./Drivers/STM32F4xx_HAL_Driver/Src/stm32f4xx_hal.o
 .debug_macro   0x000000000000158c     0x102d ./Drivers/STM32F4xx_HAL_Driver/Src/stm32f4xx_hal.o
 .debug_macro   0x00000000000025b9      0x11f ./Drivers/STM32F4xx_HAL_Driver/Src/stm32f4xx_hal.o
 .debug_macro   0x00000000000026d8    0x1426d ./Drivers/STM32F4xx_HAL_Driver/Src/stm32f4xx_hal.o
 .debug_macro   0x0000000000016945       0x6d ./Drivers/STM32F4xx_HAL_Driver/Src/stm32f4xx_hal.o
 .debug_macro   0x00000000000169b2     0x3666 ./Drivers/STM32F4xx_HAL_Driver/Src/stm32f4xx_hal.o
 .debug_macro   0x000000000001a018      0x174 ./Drivers/STM32F4xx_HAL_Driver/Src/stm32f4xx_hal.o
 .debug_macro   0x000000000001a18c       0x50 ./Drivers/STM32F4xx_HAL_Driver/Src/stm32f4xx_hal.o
 .debug_macro   0x000000000001a1dc      0x8a7 ./Drivers/STM32F4xx_HAL_Driver/Src/stm32f4xx_hal.o
 .debug_macro   0x000000000001aa83      0x9fe ./Drivers/STM32F4xx_HAL_Driver/Src/stm32f4xx_hal.o
 .debug_macro   0x000000000001b481      0x116 ./Drivers/STM32F4xx_HAL_Driver/Src/stm32f4xx_hal.o
 .debug_macro   0x000000000001b597      0x130 ./Drivers/STM32F4xx_HAL_Driver/Src/stm32f4xx_hal.o
 .debug_macro   0x000000000001b6c7       0xa5 ./Drivers/STM32F4xx_HAL_Driver/Src/stm32f4xx_hal.o
 .debug_macro   0x000000000001b76c      0x174 ./Drivers/STM32F4xx_HAL_Driver/Src/stm32f4xx_hal.o
 .debug_macro   0x000000000001b8e0      0x287 ./Drivers/STM32F4xx_HAL_Driver/Src/stm32f4xx_hal.o
 .debug_macro   0x000000000001bb67       0x5f ./Drivers/STM32F4xx_HAL_Driver/Src/stm32f4xx_hal.o
 .debug_macro   0x000000000001bbc6      0x236 ./Drivers/STM32F4xx_HAL_Driver/Src/stm32f4xx_hal.o
 .debug_macro   0x000000000001bdfc      0xb5b ./Drivers/STM32F4xx_HAL_Driver/Src/stm32f4xx_hal.o
 .debug_macro   0x000000000001c957      0x38b ./Drivers/STM32F4xx_HAL_Driver/Src/stm32f4xx_hal.o
 .debug_macro   0x000000000001cce2      0x176 ./Drivers/STM32F4xx_HAL_Driver/Src/stm32f4xx_hal.o
 .debug_macro   0x000000000001ce58       0xf9 ./Drivers/STM32F4xx_HAL_Driver/Src/stm32f4xx_hal.o
 .debug_macro   0x000000000001cf51      0x12c ./Drivers/STM32F4xx_HAL_Driver/Src/stm32f4xx_hal.o
 .debug_macro   0x000000000001d07d      0x21e ./Drivers/STM32F4xx_HAL_Driver/Src/stm32f4xx_hal.o
 .debug_macro   0x000000000001d29b       0x2e ./Drivers/STM32F4xx_HAL_Driver/Src/stm32f4xx_hal.o
 .debug_macro   0x000000000001d2c9      0x1b5 ./Drivers/STM32F4xx_HAL_Driver/Src/stm32f4xx_hal.o
 .debug_macro   0x000000000001d47e       0xd6 ./Drivers/STM32F4xx_HAL_Driver/Src/stm32f4xx_hal.o
 .debug_macro   0x000000000001d554      0x11a ./Drivers/STM32F4xx_HAL_Driver/Src/stm32f4xx_hal.o
 .debug_macro   0x000000000001d66e       0x7e ./Drivers/STM32F4xx_HAL_Driver/Src/stm32f4xx_hal.o
 .debug_macro   0x000000000001d6ec       0x89 ./Drivers/STM32F4xx_HAL_Driver/Src/stm32f4xx_hal.o
 .debug_macro   0x000000000001d775      0x8d1 ./Drivers/STM32F4xx_HAL_Driver/Src/stm32f4xx_hal.o
 .debug_macro   0x000000000001e046       0x47 ./Drivers/STM32F4xx_HAL_Driver/Src/stm32f4xx_hal.o
 .debug_macro   0x000000000001e08d      0x295 ./Drivers/STM32F4xx_HAL_Driver/Src/stm32f4xx_hal.o
 .debug_macro   0x000000000001e322      0x12d ./Drivers/STM32F4xx_HAL_Driver/Src/stm32f4xx_hal.o
 .debug_macro   0x000000000001e44f      0x211 ./Drivers/STM32F4xx_HAL_Driver/Src/stm32f4xx_hal_adc.o
 .debug_macro   0x000000000001e660      0x210 ./Drivers/STM32F4xx_HAL_Driver/Src/stm32f4xx_hal_adc_ex.o
 .debug_macro   0x000000000001e870      0x210 ./Drivers/STM32F4xx_HAL_Driver/Src/stm32f4xx_hal_cortex.o
 .debug_macro   0x000000000001ea80      0x216 ./Drivers/STM32F4xx_HAL_Driver/Src/stm32f4xx_hal_dma.o
 .debug_macro   0x000000000001ec96      0x216 ./Drivers/STM32F4xx_HAL_Driver/Src/stm32f4xx_hal_gpio.o
 .debug_macro   0x000000000001eeac      0x257 ./Drivers/STM32F4xx_HAL_Driver/Src/stm32f4xx_hal_i2c.o
 .debug_macro   0x000000000001f103      0x234 ./Drivers/STM32F4xx_HAL_Driver/Src/stm32f4xx_hal_rcc.o
 .debug_macro   0x000000000001f337      0x211 ./Drivers/STM32F4xx_HAL_Driver/Src/stm32f4xx_hal_tim.o
 .debug_macro   0x000000000001f548      0x210 ./Drivers/STM32F4xx_HAL_Driver/Src/stm32f4xx_hal_tim_ex.o
 .debug_macro   0x000000000001f758      0x211 ./Drivers/STM32F4xx_HAL_Driver/Src/stm32f4xx_hal_uart.o
 .debug_macro   0x000000000001f969      0x232 ./Src/MCP4661.o
 .debug_macro   0x000000000001fb9b       0x10 ./Src/MCP4661.o
 .debug_macro   0x000000000001fbab       0x88 ./Src/MCP4661.o
 .debug_macro   0x000000000001fc33      0x25f ./Src/UART_Parser.o
 .debug_macro   0x000000000001fe92       0x10 ./Src/UART_Parser.o
 .debug_macro   0x000000000001fea2       0x70 ./Src/UART_Parser.o
 .debug_macro   0x000000000001ff12       0x22 ./Src/UART_Parser.o
 .debug_macro   0x000000000001ff34      0x22f ./Src/adc.o
 .debug_macro   0x0000000000020163      0x229 ./Src/dma.o
 .debug_macro   0x000000000002038c      0x229 ./Src/gpio.o
 .debug_macro   0x00000000000205b5      0x229 ./Src/i2c.o
 .debug_macro   0x00000000000207de      0x283 ./Src/main.o
 .debug_macro   0x0000000000020a61      0x21f ./Src/stm32f4xx_hal_msp.o
 .debug_macro   0x0000000000020c80      0x252 ./Src/stm32f4xx_it.o
 .debug_macro   0x0000000000020ed2      0x216 ./Src/system_stm32f4xx.o
 .debug_macro   0x00000000000210e8      0x229 ./Src/tim.o
 .debug_macro   0x0000000000021311      0x229 ./Src/usart.o

.debug_line     0x0000000000000000    0x1ebda
 .debug_line    0x0000000000000000      0xa97 ./Drivers/STM32F4xx_HAL_Driver/Src/stm32f4xx_hal.o
 .debug_line    0x0000000000000a97     0x15e5 ./Drivers/STM32F4xx_HAL_Driver/Src/stm32f4xx_hal_adc.o
 .debug_line    0x000000000000207c     0x11a8 ./Drivers/STM32F4xx_HAL_Driver/Src/stm32f4xx_hal_adc_ex.o
 .debug_line    0x0000000000003224      0xcdc ./Drivers/STM32F4xx_HAL_Driver/Src/stm32f4xx_hal_cortex.o
 .debug_line    0x0000000000003f00     0x1386 ./Drivers/STM32F4xx_HAL_Driver/Src/stm32f4xx_hal_dma.o
 .debug_line    0x0000000000005286      0xc63 ./Drivers/STM32F4xx_HAL_Driver/Src/stm32f4xx_hal_gpio.o
 .debug_line    0x0000000000005ee9     0x5886 ./Drivers/STM32F4xx_HAL_Driver/Src/stm32f4xx_hal_i2c.o
 .debug_line    0x000000000000b76f     0x1035 ./Drivers/STM32F4xx_HAL_Driver/Src/stm32f4xx_hal_rcc.o
 .debug_line    0x000000000000c7a4     0x5001 ./Drivers/STM32F4xx_HAL_Driver/Src/stm32f4xx_hal_tim.o
 .debug_line    0x00000000000117a5     0x2222 ./Drivers/STM32F4xx_HAL_Driver/Src/stm32f4xx_hal_tim_ex.o
 .debug_line    0x00000000000139c7     0x4af5 ./Drivers/STM32F4xx_HAL_Driver/Src/stm32f4xx_hal_uart.o
 .debug_line    0x00000000000184bc      0x8a5 ./Src/MCP4661.o
 .debug_line    0x0000000000018d61      0x96f ./Src/UART_Parser.o
 .debug_line    0x00000000000196d0      0xa1e ./Src/adc.o
 .debug_line    0x000000000001a0ee      0x742 ./Src/dma.o
 .debug_line    0x000000000001a830      0x7dc ./Src/gpio.o
 .debug_line    0x000000000001b00c      0x8f7 ./Src/i2c.o
 .debug_line    0x000000000001b903      0x87d ./Src/main.o
 .debug_line    0x000000000001c180      0x740 ./Src/stm32f4xx_hal_msp.o
 .debug_line    0x000000000001c8c0      0x94f ./Src/stm32f4xx_it.o
 .debug_line    0x000000000001d20f      0x82b ./Src/system_stm32f4xx.o
 .debug_line    0x000000000001da3a      0x89a ./Src/tim.o
 .debug_line    0x000000000001e2d4      0x887 ./Src/usart.o
 .debug_line    0x000000000001eb5b       0x7f ./startup/startup_stm32f405xx.o

.debug_str      0x0000000000000000    0xcbaaa
 .debug_str     0x0000000000000000    0xc7122 ./Drivers/STM32F4xx_HAL_Driver/Src/stm32f4xx_hal.o
                                      0xc7498 (size before relaxing)
 .debug_str     0x00000000000c7122      0x66d ./Drivers/STM32F4xx_HAL_Driver/Src/stm32f4xx_hal_adc.o
                                      0xc6f8c (size before relaxing)
 .debug_str     0x00000000000c778f      0x2df ./Drivers/STM32F4xx_HAL_Driver/Src/stm32f4xx_hal_adc_ex.o
                                      0xc6fef (size before relaxing)
 .debug_str     0x00000000000c7a6e      0x3a1 ./Drivers/STM32F4xx_HAL_Driver/Src/stm32f4xx_hal_cortex.o
                                      0xc7242 (size before relaxing)
 .debug_str     0x00000000000c7e0f      0x304 ./Drivers/STM32F4xx_HAL_Driver/Src/stm32f4xx_hal_dma.o
                                      0xc6dc8 (size before relaxing)
 .debug_str     0x00000000000c8113      0x1d4 ./Drivers/STM32F4xx_HAL_Driver/Src/stm32f4xx_hal_gpio.o
                                      0xc6b39 (size before relaxing)
 .debug_str     0x00000000000c82e7      0xd45 ./Drivers/STM32F4xx_HAL_Driver/Src/stm32f4xx_hal_i2c.o
                                      0xc7979 (size before relaxing)
 .debug_str     0x00000000000c902c      0x36f ./Drivers/STM32F4xx_HAL_Driver/Src/stm32f4xx_hal_rcc.o
                                      0xc6dbb (size before relaxing)
 .debug_str     0x00000000000c939b     0x10c4 ./Drivers/STM32F4xx_HAL_Driver/Src/stm32f4xx_hal_tim.o
                                      0xc7d14 (size before relaxing)
 .debug_str     0x00000000000ca45f      0x520 ./Drivers/STM32F4xx_HAL_Driver/Src/stm32f4xx_hal_tim_ex.o
                                      0xc7515 (size before relaxing)
 .debug_str     0x00000000000ca97f      0x7d5 ./Drivers/STM32F4xx_HAL_Driver/Src/stm32f4xx_hal_uart.o
                                      0xc7391 (size before relaxing)
 .debug_str     0x00000000000cb154      0x2e7 ./Src/MCP4661.o
                                      0xc6ff8 (size before relaxing)
 .debug_str     0x00000000000cb43b      0x2c7 ./Src/UART_Parser.o
                                      0xc754e (size before relaxing)
 .debug_str     0x00000000000cb702       0x3c ./Src/adc.o
                                      0xc73ca (size before relaxing)
 .debug_str     0x00000000000cb73e       0x24 ./Src/dma.o
                                      0xc6e42 (size before relaxing)
 .debug_str     0x00000000000cb762       0x27 ./Src/gpio.o
                                      0xc6a0d (size before relaxing)
 .debug_str     0x00000000000cb789       0x3e ./Src/i2c.o
                                      0xc7465 (size before relaxing)
 .debug_str     0x00000000000cb7c7       0x7e ./Src/main.o
                                      0xc7a4e (size before relaxing)
 .debug_str     0x00000000000cb845       0x1b ./Src/stm32f4xx_hal_msp.o
                                      0xc6950 (size before relaxing)
 .debug_str     0x00000000000cb860      0x18b ./Src/stm32f4xx_it.o
                                      0xc778f (size before relaxing)
 .debug_str     0x00000000000cb9eb       0x5a ./Src/system_stm32f4xx.o
                                      0xc69a2 (size before relaxing)
 .debug_str     0x00000000000cba45       0x1c ./Src/tim.o
                                      0xc74fd (size before relaxing)
 .debug_str     0x00000000000cba61       0x1a ./Src/usart.o
                                      0xc73c0 (size before relaxing)
 .debug_str     0x00000000000cba7b       0x2f ./startup/startup_stm32f405xx.o
                                         0x66 (size before relaxing)

.comment        0x0000000000000000       0x53
 .comment       0x0000000000000000       0x53 ./Drivers/STM32F4xx_HAL_Driver/Src/stm32f4xx_hal.o
                                         0x54 (size before relaxing)
 .comment       0x0000000000000053       0x54 ./Drivers/STM32F4xx_HAL_Driver/Src/stm32f4xx_hal_adc.o
 .comment       0x0000000000000053       0x54 ./Drivers/STM32F4xx_HAL_Driver/Src/stm32f4xx_hal_adc_ex.o
 .comment       0x0000000000000053       0x54 ./Drivers/STM32F4xx_HAL_Driver/Src/stm32f4xx_hal_cortex.o
 .comment       0x0000000000000053       0x54 ./Drivers/STM32F4xx_HAL_Driver/Src/stm32f4xx_hal_dma.o
 .comment       0x0000000000000053       0x54 ./Drivers/STM32F4xx_HAL_Driver/Src/stm32f4xx_hal_gpio.o
 .comment       0x0000000000000053       0x54 ./Drivers/STM32F4xx_HAL_Driver/Src/stm32f4xx_hal_i2c.o
 .comment       0x0000000000000053       0x54 ./Drivers/STM32F4xx_HAL_Driver/Src/stm32f4xx_hal_rcc.o
 .comment       0x0000000000000053       0x54 ./Drivers/STM32F4xx_HAL_Driver/Src/stm32f4xx_hal_tim.o
 .comment       0x0000000000000053       0x54 ./Drivers/STM32F4xx_HAL_Driver/Src/stm32f4xx_hal_tim_ex.o
 .comment       0x0000000000000053       0x54 ./Drivers/STM32F4xx_HAL_Driver/Src/stm32f4xx_hal_uart.o
 .comment       0x0000000000000053       0x54 ./Src/MCP4661.o
 .comment       0x0000000000000053       0x54 ./Src/UART_Parser.o
 .comment       0x0000000000000053       0x54 ./Src/adc.o
 .comment       0x0000000000000053       0x54 ./Src/dma.o
 .comment       0x0000000000000053       0x54 ./Src/gpio.o
 .comment       0x0000000000000053       0x54 ./Src/i2c.o
 .comment       0x0000000000000053       0x54 ./Src/main.o
 .comment       0x0000000000000053       0x54 ./Src/stm32f4xx_hal_msp.o
 .comment       0x0000000000000053       0x54 ./Src/stm32f4xx_it.o
 .comment       0x0000000000000053       0x54 ./Src/system_stm32f4xx.o
 .comment       0x0000000000000053       0x54 ./Src/tim.o
 .comment       0x0000000000000053       0x54 ./Src/usart.o

.debug_frame    0x0000000000000000     0x2fa0
 .debug_frame   0x0000000000000000      0x1ec ./Drivers/STM32F4xx_HAL_Driver/Src/stm32f4xx_hal.o
 .debug_frame   0x00000000000001ec      0x268 ./Drivers/STM32F4xx_HAL_Driver/Src/stm32f4xx_hal_adc.o
 .debug_frame   0x0000000000000454      0x18c ./Drivers/STM32F4xx_HAL_Driver/Src/stm32f4xx_hal_adc_ex.o
 .debug_frame   0x00000000000005e0      0x15c ./Drivers/STM32F4xx_HAL_Driver/Src/stm32f4xx_hal_cortex.o
 .debug_frame   0x000000000000073c      0x188 ./Drivers/STM32F4xx_HAL_Driver/Src/stm32f4xx_hal_dma.o
 .debug_frame   0x00000000000008c4       0xd8 ./Drivers/STM32F4xx_HAL_Driver/Src/stm32f4xx_hal_gpio.o
 .debug_frame   0x000000000000099c      0x970 ./Drivers/STM32F4xx_HAL_Driver/Src/stm32f4xx_hal_i2c.o
 .debug_frame   0x000000000000130c      0x174 ./Drivers/STM32F4xx_HAL_Driver/Src/stm32f4xx_hal_rcc.o
 .debug_frame   0x0000000000001480      0xb18 ./Drivers/STM32F4xx_HAL_Driver/Src/stm32f4xx_hal_tim.o
 .debug_frame   0x0000000000001f98      0x420 ./Drivers/STM32F4xx_HAL_Driver/Src/stm32f4xx_hal_tim_ex.o
 .debug_frame   0x00000000000023b8      0x5cc ./Drivers/STM32F4xx_HAL_Driver/Src/stm32f4xx_hal_uart.o
 .debug_frame   0x0000000000002984       0xb8 ./Src/MCP4661.o
 .debug_frame   0x0000000000002a3c       0x6c ./Src/UART_Parser.o
 .debug_frame   0x0000000000002aa8       0x6c ./Src/adc.o
 .debug_frame   0x0000000000002b14       0x30 ./Src/dma.o
 .debug_frame   0x0000000000002b44       0x34 ./Src/gpio.o
 .debug_frame   0x0000000000002b78       0x68 ./Src/i2c.o
 .debug_frame   0x0000000000002be0       0x58 ./Src/main.o
 .debug_frame   0x0000000000002c38       0x28 ./Src/stm32f4xx_hal_msp.o
 .debug_frame   0x0000000000002c60      0x180 ./Src/stm32f4xx_it.o
 .debug_frame   0x0000000000002de0       0x30 ./Src/system_stm32f4xx.o
 .debug_frame   0x0000000000002e10       0x80 ./Src/tim.o
 .debug_frame   0x0000000000002e90       0x64 ./Src/usart.o
 .debug_frame   0x0000000000002ef4       0x2c c:/st/stm32cubeide_1.7.0/stm32cubeide/plugins/com.st.stm32cube.ide.mcu.externaltools.gnu-tools-for-stm32.9-2020-q2-update.win32_2.0.0.202105311346/tools/bin/../lib/gcc/arm-none-eabi/9.3.1/../../../../arm-none-eabi/lib/thumb/v7e-m+fp/hard\libc_nano.a(lib_a-init.o)
 .debug_frame   0x0000000000002f20       0x20 c:/st/stm32cubeide_1.7.0/stm32cubeide/plugins/com.st.stm32cube.ide.mcu.externaltools.gnu-tools-for-stm32.9-2020-q2-update.win32_2.0.0.202105311346/tools/bin/../lib/gcc/arm-none-eabi/9.3.1/../../../../arm-none-eabi/lib/thumb/v7e-m+fp/hard\libc_nano.a(lib_a-memset.o)
 .debug_frame   0x0000000000002f40       0x2c c:/st/stm32cubeide_1.7.0/stm32cubeide/plugins/com.st.stm32cube.ide.mcu.externaltools.gnu-tools-for-stm32.9-2020-q2-update.win32_2.0.0.202105311346/tools/bin/../lib/gcc/arm-none-eabi/9.3.1/thumb/v7e-m+fp/hard\libgcc.a(_aeabi_uldivmod.o)
 .debug_frame   0x0000000000002f6c       0x34 c:/st/stm32cubeide_1.7.0/stm32cubeide/plugins/com.st.stm32cube.ide.mcu.externaltools.gnu-tools-for-stm32.9-2020-q2-update.win32_2.0.0.202105311346/tools/bin/../lib/gcc/arm-none-eabi/9.3.1/thumb/v7e-m+fp/hard\libgcc.a(_udivmoddi4.o)
