stm32f4xx_it.c:80:6:NMI_Handler	0	static
stm32f4xx_it.c:93:6:HardFault_Handler	0	static
stm32f4xx_it.c:108:6:MemManage_Handler	0	static
stm32f4xx_it.c:123:6:BusFault_Handler	0	static
stm32f4xx_it.c:138:6:UsageFault_Handler	0	static
stm32f4xx_it.c:153:6:SVC_Handler	0	static
stm32f4xx_it.c:166:6:DebugMon_Handler	0	static
stm32f4xx_it.c:179:6:PendSV_Handler	0	static
stm32f4xx_it.c:192:6:SysTick_Handler	8	static
stm32f4xx_it.c:213:6:DMA1_Stream2_IRQHandler	8	static
stm32f4xx_it.c:227:6:ADC_IRQHandler	8	static
stm32f4xx_it.c:241:6:TIM2_IRQHandler	8	static
stm32f4xx_it.c:260:6:I2C2_EV_IRQHandler	8	static
stm32f4xx_it.c:274:6:USART1_IRQHandler	8	static
stm32f4xx_it.c:289:6:TIM8_TRG_COM_TIM14_IRQHandler	8	static
stm32f4xx_it.c:303:6:DMA1_Stream7_IRQHandler	8	static
stm32f4xx_it.c:317:6:DMA2_Stream0_IRQHandler	8	static
stm32f4xx_it.c:332:6:DMA2_Stream7_IRQHandler	8	static
